Microchip Technology Inc, vv3_30 (B) >

Tool Name:
  c:\program files\microchip\mplabc30\v3.30c\bin\bin\..\bin/pic30-coff-ld.exe

Command:
  -p30F3014 \
  -o.\src\hex\SST40 V4.0.cof \
  -Lc:/program files/microchip/mplabc30/v3.30c/bin/bin/.. \
  -Lc:/program files/microchip/mplabc30/v3.30c/bin/bin/../../lib \
  -Lc:/program files/microchip/mplabc30/v3.30c/bin/bin/../../lib/PIC24E \
  -Lc:/program files/microchip/mplabc30/v3.30c/bin/bin/../../support/PIC24E/gld \
  -Lc:/program files/microchip/mplabc30/v3.30c/bin/bin/../../lib/PIC24F \
  -Lc:/program files/microchip/mplabc30/v3.30c/bin/bin/../../support/PIC24F/gld \
  -Lc:/program files/microchip/mplabc30/v3.30c/bin/bin/../../lib/PIC24H \
  -Lc:/program files/microchip/mplabc30/v3.30c/bin/bin/../../support/PIC24H/gld \
  -Lc:/program files/microchip/mplabc30/v3.30c/bin/bin/../../lib/dsPIC30F \
  -Lc:/program files/microchip/mplabc30/v3.30c/bin/bin/../../support/dsPIC30F/gld \
  -Lc:/program files/microchip/mplabc30/v3.30c/bin/bin/../../lib/dsPIC33E \
  -Lc:/program files/microchip/mplabc30/v3.30c/bin/bin/../../support/dsPIC33E/gld \
  -Lc:/program files/microchip/mplabc30/v3.30c/bin/bin/../../lib/dsPIC33F \
  -Lc:/program files/microchip/mplabc30/v3.30c/bin/bin/../../support/dsPIC33F/gld \
  src\hex\DigitalIO.o \
  src\hex\main.o \
  src\hex\systmr.o \
  src\hex\task.o \
  src\hex\sirem.o \
  src\hex\PARLIST.o \
  src\hex\trace.o \
  src\hex\vuart.o \
  src\hex\vADC.o \
  src\hex\statemachine.o \
  src\hex\LCD.o \
  src\hex\eeprom.o \
  src\hex\triac_control.o \
  src\hex\IDENT.o \
  src\hex\tempctrl.o \
  src\hex\measure.o \
  src\hex\traps.o \
  -Tp30F3014.gld.00 \
  --defsym=__MPLAB_BUILD=1 \
  --defsym=__MPLAB_DEBUG=1 \
  --defsym=__MPLAB_DEBUGGER_PK3=1 \
  --defsym=__ICD2RAM=1 \
  -Map=.\src\hex\SST40 V4.0.map \
  --report-mem \
  -start-group \
  --library=pic30-coff \
  --library=m-coff \
  --library=c-coff \
  -end-group \

Archive member included because of file (symbol)

c:/program files/microchip/mplabc30/v3.30c/bin/bin/../../lib\libpic30-coff.a(crt0_standard.o)
                              (_resetPRI)
c:/program files/microchip/mplabc30/v3.30c/bin/bin/../../lib\libpic30-coff.a(eedata_helper.o)
                              src\hex\eeprom.o (_eedata_helper1)
c:/program files/microchip/mplabc30/v3.30c/bin/bin/../../lib\libpic30-coff.a(memcpy_helper.o)
                              src\hex\eeprom.o (_memcpy_helper)
c:/program files/microchip/mplabc30/v3.30c/bin/bin/../../lib\libpic30-coff.a(data_init_standard.o)
                              c:/program files/microchip/mplabc30/v3.30c/bin/bin/../../lib\libpic30-coff.a(crt0_standard.o) (_data_init_standard)
c:/program files/microchip/mplabc30/v3.30c/bin/bin/../../lib\libm-coff.a(floatsisf.o)
                              src\hex\vuart.o (__floatsisf)
c:/program files/microchip/mplabc30/v3.30c/bin/bin/../../lib\libm-coff.a(addsf3.o)
                              src\hex\vuart.o (__subsf3)
c:/program files/microchip/mplabc30/v3.30c/bin/bin/../../lib\libm-coff.a(mulsf3.o)
                              src\hex\vuart.o (__mulsf3)
c:/program files/microchip/mplabc30/v3.30c/bin/bin/../../lib\libm-coff.a(divsf3.o)
                              src\hex\vuart.o (__divsf3)
c:/program files/microchip/mplabc30/v3.30c/bin/bin/../../lib\libm-coff.a(fixunssfsi.o)
                              src\hex\vuart.o (__fixunssfsi)
c:/program files/microchip/mplabc30/v3.30c/bin/bin/../../lib\libm-coff.a(udivsi3.o)
                              src\hex\LCD.o (__udivsi3)
c:/program files/microchip/mplabc30/v3.30c/bin/bin/../../lib\libm-coff.a(fpack.o)
                              c:/program files/microchip/mplabc30/v3.30c/bin/bin/../../lib\libm-coff.a(floatsisf.o) (_fpack)
c:/program files/microchip/mplabc30/v3.30c/bin/bin/../../lib\libm-coff.a(funpack2.o)
                              c:/program files/microchip/mplabc30/v3.30c/bin/bin/../../lib\libm-coff.a(addsf3.o) (_funpack2)
c:/program files/microchip/mplabc30/v3.30c/bin/bin/../../lib\libm-coff.a(futil.o)
                              c:/program files/microchip/mplabc30/v3.30c/bin/bin/../../lib\libm-coff.a(addsf3.o) (_fPropagateNaN)
c:/program files/microchip/mplabc30/v3.30c/bin/bin/../../lib\libm-coff.a(funpack.o)
                              c:/program files/microchip/mplabc30/v3.30c/bin/bin/../../lib\libm-coff.a(fixunssfsi.o) (_funpack)
c:/program files/microchip/mplabc30/v3.30c/bin/bin/../../lib\libc-coff.a(strlen.XXo)
                              src\hex\sirem.o (strlen)


Selected CodeGuard Options:
  FGS:GWRP:GWRP_OFF
  FGS:GCP:CODE_PROT_OFF

CodeGuard FLASH Memory:
  boot    (none)
  secure  (none)
  general 0x100 to 0x3ffc

CodeGuard RAM Memory:
  general 0x800 to 0xfff
  secure  (none)
  boot    (none)

CodeGuard EEPROM Memory:
  general 0x7ffc00 to 0x7fffff
  secure  (none)
  boot    (none)


Program Memory  [Origin = 0x100, Length = 0x3efe]

section                    address   length (PC units)   length (bytes) (dec)
-------                    -------   -----------------   --------------------
.text                        0x100               0x420           0x630  (1584)
.const                       0x520               0xfa2          0x1773  (6003)
.text                       0x14c2              0x1fc4          0x2fa6  (12198)
.dinit                      0x3486                0x84            0xc6  (198)
.text                       0x350a                0xe0           0x150  (336)

                     Total program memory used (bytes):         0x4f5f  (20319) 84%


Data EEPROM Memory  [Origin = 0x7ffc00, Length = 0x400]

section                    address   length (PC units)   length (bytes) (dec)
-------                    -------   -----------------   --------------------
_01b4e23050c8fdd7         0x7ffc00               0x400           0x400  (1024)

                        Total data EEPROM used (bytes):          0x400  (1024) 100%


Data Memory  [Origin = 0x800, Length = 0x800]

section                    address      alignment gaps    total length  (dec)
-------                    -------      --------------    -------------------
.icd                         0x800                0x50            0x50  (80)
_01975f5050c8fdd5            0x850                   0           0x4b4  (1204)
.nbss                        0xd04                   0           0x118  (280)
.ndata                       0xe1c                   0            0x1c  (28)
.nbss                        0xe38                   0            0x58  (88)
.ndata                       0xe90                   0             0x2  (2)
.nbss                        0xe92                   0             0x6  (6)

                        Total data memory used (bytes):          0x698  (1688) 82%


Dynamic Memory Usage

region                     address                      maximum length  (dec)
------                     -------                      ---------------------
heap                             0                                   0  (0)
stack                        0xe98                               0x168  (360)

                        Maximum dynamic memory (bytes):          0x168  (360)


External Symbols in Data Memory (by address):

                    0x0850                  _TRSB
                    0x0d0a                  _T_ctrl
                    0x0d28                  _pid
                    0x0d40                  _brs
                    0x0d48                  _overprot
                    0x0d54                  _tmpctrl_mainstate
                    0x0d56                  _tmpctrl_nextstate
                    0x0d62                  _stat_stat
                    0x0d76                  _Ttime
                    0x0d82                  _TASK_CONTROL
                    0x0db0                  _mes1
                    0x0dba                  _mes2
                    0x0dc4                  _mespar
                    0x0dd8                  _trace_state
                    0x0dda                  _trace_control
                    0x0ddc                  _STORE_POS
                    0x0dde                  _trace_counter
                    0x0de0                  _trace_trigger
                    0x0de2                  _par_trace
                    0x0dee                  _trace_config
                    0x0df0                  _trace_every_period
                    0x0df2                  _u16TraceParamNumber_1
                    0x0df4                  _u16TraceParamNumber_2
                    0x0df6                  _u16CompareParameter
                    0x0df8                  _s16CmpValue
                    0x0dfe                  _ident
                    0x0e1c                  _trace_source_addr
                    0x0e46                  _SYS_CONTROL
                    0x0e48                  _PC_CONTROL
                    0x0e4a                  _ERR_CONTROL
                    0x0e4c                  _mainstate_T2
                    0x0e4e                  _mainstate_T1
                    0x0e50                  _LCD_update_rate
                    0x0e5a                  _EE_CHKS
                    0x0e5c                  _EE_Valid
                    0x0e5e                  _EE_par_update
                    0x0e60                  _ParamAct
                    0x0e7a                  _debounce_timer_2
                    0x0e7c                  _deb_timer_cart
                    0x0e7e                  _deb_timer_stand
                    0x0e80                  _deb_timer_extr
                    0x0e82                  _cart_det_state
                    0x0e84                  _time
                    0x0e8c                  _ADC
                    0x0e92                  _release
                    0x0e94                  _u16Nibble_Temp

External Symbols in Data Memory (by name):

                    0x0e8c                  _ADC
                    0x0e5a                  _EE_CHKS
                    0x0e5c                  _EE_Valid
                    0x0e5e                  _EE_par_update
                    0x0e4a                  _ERR_CONTROL
                    0x0e50                  _LCD_update_rate
                    0x0e48                  _PC_CONTROL
                    0x0e60                  _ParamAct
                    0x0ddc                  _STORE_POS
                    0x0e46                  _SYS_CONTROL
                    0x0d82                  _TASK_CONTROL
                    0x0850                  _TRSB
                    0x0d0a                  _T_ctrl
                    0x0d76                  _Ttime
                    0x0d40                  _brs
                    0x0e82                  _cart_det_state
                    0x0e7c                  _deb_timer_cart
                    0x0e80                  _deb_timer_extr
                    0x0e7e                  _deb_timer_stand
                    0x0e7a                  _debounce_timer_2
                    0x0dfe                  _ident
                    0x0e4e                  _mainstate_T1
                    0x0e4c                  _mainstate_T2
                    0x0db0                  _mes1
                    0x0dba                  _mes2
                    0x0dc4                  _mespar
                    0x0d48                  _overprot
                    0x0de2                  _par_trace
                    0x0d28                  _pid
                    0x0e92                  _release
                    0x0df8                  _s16CmpValue
                    0x0d62                  _stat_stat
                    0x0e84                  _time
                    0x0d54                  _tmpctrl_mainstate
                    0x0d56                  _tmpctrl_nextstate
                    0x0dee                  _trace_config
                    0x0dda                  _trace_control
                    0x0dde                  _trace_counter
                    0x0df0                  _trace_every_period
                    0x0e1c                  _trace_source_addr
                    0x0dd8                  _trace_state
                    0x0de0                  _trace_trigger
                    0x0df6                  _u16CompareParameter
                    0x0e94                  _u16Nibble_Temp
                    0x0df2                  _u16TraceParamNumber_1
                    0x0df4                  _u16TraceParamNumber_2

External Symbols in Program Memory (by address):

                  0x000100                  __resetPRI
                  0x000122                  __psv_init
                  0x000132                  __data_init
                  0x000132                  __data_init_standard
                  0x000190                  __DefaultInterrupt
                  0x000194                  __eedata_helper1
                  0x0001be                  __eedata_helper2
                  0x0001c6                  __eedata_helper3
                  0x0001d2                  __eedata_helper4
                  0x0001e4                  __memcpy_helper
                  0x00021a                  ___floatsisf
                  0x000270                  ___subsf3
                  0x000272                  ___addsf3
                  0x00032c                  ___mulsf3
                  0x000394                  ___divsf3
                  0x000418                  ___fixunssfsi
                  0x00044e                  ___udivsi3
                  0x00046e                  __fpack
                  0x0004ba                  __funpack2
                  0x0004ca                  __fPropagateNaN
                  0x0004dc                  __fbopExit
                  0x0004e4                  __fbopReturnNaN
                  0x0004ea                  __funpack
                  0x000514                  _strlen
                  0x000520                  _version
                  0x000522                  _C30_Version
                  0x000a62                  _iopar
                  0x0014be                  _LCD_INIT_STRING
                  0x0014c2                  _state_machine_T1
                  0x0016dc                  _state_machine_T2
                  0x0019d0                  _state_machine_init
                  0x0019e4                  _stm_timer_T2
                  0x0019fe                  _stm_timer_II_T2
                  0x001a18                  _stm_timer_T1
                  0x001a32                  _PrintHibernationTime
                  0x001a70                  _Sirem_Engine
                  0x002194                  _ee_param_act
                  0x00245a                  _EE_CheckEEprom
                  0x0024e6                  _temp_ctrl
                  0x00261c                  _Reset_TMPCTRL
                  0x00262c                  _PID
                  0x0026c8                  _Reset_PID
                  0x0026d8                  _Cartridge_overload_protection
                  0x002712                  _temp_ctrl_init
                  0x00271e                  _Get_Temp_Actual
                  0x00272e                  _Set_User_Temp
                  0x002734                  _Roll_Back_User_Temp
                  0x00273a                  _Get_User_Temp
                  0x00273e                  _Inc_User_Temp
                  0x00274c                  _Dec_User_Temp
                  0x00275a                  _tmpctrl_timer_t1
                  0x002774                  _cartridge_ident
                  0x00292c                  _bresenham
                  0x002986                  _ident_timer_t1
                  0x0029a0                  _ident_timeout_timer_t1
                  0x0029ba                  _IF_DigitalIO_Init
                  0x002a12                  _Dio_Scan_T2
                  0x002a90                  _cart_stat_det
                  0x002b6c                  _cart_stat_timer_T1
                  0x002b86                  _IF_LCDInit
                  0x002bb8                  _IF_LCDPutc
                  0x002bea                  _IF_LCDGotoXY
                  0x002c02                  _IF_LCDPuts
                  0x002c1a                  _IF_LCDPutn
                  0x002c9e                  _IF_LCD_UpdateState
                  0x002cb0                  _LCDSendNibble
                  0x002d0a                  _LCDSendByte
                  0x002d38                  _IF_Uart_Init
                  0x002dbc                  _IF_Uart_MsgGetDataCnt
                  0x002dc8                  _IF_Uart_MsgGet
                  0x002dee                  _IF_Uart_RxPurge
                  0x002dfa                  _IF_Uart_MsgPut
                  0x002e22                  _IF_UART_PutByte
                  0x002e3c                  __U1RXInterrupt
                  0x002e9a                  _sci_timer
                  0x002eb0                  __T3Interrupt
                  0x002eec                  __T1Interrupt
                  0x002f22                  __INT0Interrupt
                  0x002f26                  _TaskTimesCalc
                  0x002f3a                  _StationStatistic
                  0x002ff2                  _IF_SysTmr1_Init
                  0x003018                  _IF_SysTmr3_Init
                  0x00303c                  _IF_SysTmr2_Init
                  0x003060                  _delay_us
                  0x003096                  _delay_ms
                  0x0030cc                  _Timestate_Cartridge_Control
                  0x00310a                  _IF_Get_TRSB_CntBytes
                  0x00310e                  _do_trace
                  0x0031da                  _Clear_Trace_Array
                  0x0031fa                  _trace_init_first
                  0x003220                  _zero_cross_II
                  0x003250                  _DC_Autotunning
                  0x003298                  _Current_measure
                  0x0032d0                  _measure_T2
                  0x0032fc                  _measure_init
                  0x003302                  _main
                  0x0033ce                  _IF_Parlist_GetCntMembers
                  0x0033d2                  _IF_Parlist_GetCntBytes
                  0x0033d6                  _IF_Parlist_bnu
                  0x003400                  _Params_check_limit
                  0x003484                  _Params_Conversion
                  0x00350a                  _IF_ADC_INIT
                  0x003560                  _ADC_Sample_Read
                  0x003576                  __OscillatorFail
                  0x00358c                  __AddressError
                  0x0035a2                  __StackError
                  0x0035b8                  __MathError
                  0x0035ce                  _triac_fire_timer
                  0x0035e4                  _triac_control_init
                  0xf8000a                  __FGS.sec

External Symbols in Program Memory (by name):

                  0x003560                  _ADC_Sample_Read
                  0x000522                  _C30_Version
                  0x0026d8                  _Cartridge_overload_protection
                  0x0031da                  _Clear_Trace_Array
                  0x003298                  _Current_measure
                  0x003250                  _DC_Autotunning
                  0x00274c                  _Dec_User_Temp
                  0x002a12                  _Dio_Scan_T2
                  0x00245a                  _EE_CheckEEprom
                  0x00271e                  _Get_Temp_Actual
                  0x00273a                  _Get_User_Temp
                  0x00350a                  _IF_ADC_INIT
                  0x0029ba                  _IF_DigitalIO_Init
                  0x00310a                  _IF_Get_TRSB_CntBytes
                  0x002bea                  _IF_LCDGotoXY
                  0x002b86                  _IF_LCDInit
                  0x002bb8                  _IF_LCDPutc
                  0x002c1a                  _IF_LCDPutn
                  0x002c02                  _IF_LCDPuts
                  0x002c9e                  _IF_LCD_UpdateState
                  0x0033d2                  _IF_Parlist_GetCntBytes
                  0x0033ce                  _IF_Parlist_GetCntMembers
                  0x0033d6                  _IF_Parlist_bnu
                  0x002ff2                  _IF_SysTmr1_Init
                  0x00303c                  _IF_SysTmr2_Init
                  0x003018                  _IF_SysTmr3_Init
                  0x002e22                  _IF_UART_PutByte
                  0x002d38                  _IF_Uart_Init
                  0x002dc8                  _IF_Uart_MsgGet
                  0x002dbc                  _IF_Uart_MsgGetDataCnt
                  0x002dfa                  _IF_Uart_MsgPut
                  0x002dee                  _IF_Uart_RxPurge
                  0x00273e                  _Inc_User_Temp
                  0x002d0a                  _LCDSendByte
                  0x002cb0                  _LCDSendNibble
                  0x0014be                  _LCD_INIT_STRING
                  0x00262c                  _PID
                  0x003484                  _Params_Conversion
                  0x003400                  _Params_check_limit
                  0x001a32                  _PrintHibernationTime
                  0x0026c8                  _Reset_PID
                  0x00261c                  _Reset_TMPCTRL
                  0x002734                  _Roll_Back_User_Temp
                  0x00272e                  _Set_User_Temp
                  0x001a70                  _Sirem_Engine
                  0x002f3a                  _StationStatistic
                  0x002f26                  _TaskTimesCalc
                  0x0030cc                  _Timestate_Cartridge_Control
                  0x00358c                  __AddressError
                  0x000190                  __DefaultInterrupt
                  0xf8000a                  __FGS.sec
                  0x002f22                  __INT0Interrupt
                  0x0035b8                  __MathError
                  0x003576                  __OscillatorFail
                  0x0035a2                  __StackError
                  0x002eec                  __T1Interrupt
                  0x002eb0                  __T3Interrupt
                  0x002e3c                  __U1RXInterrupt
                  0x000272                  ___addsf3
                  0x000394                  ___divsf3
                  0x000418                  ___fixunssfsi
                  0x00021a                  ___floatsisf
                  0x00032c                  ___mulsf3
                  0x000270                  ___subsf3
                  0x00044e                  ___udivsi3
                  0x000132                  __data_init
                  0x000132                  __data_init_standard
                  0x000194                  __eedata_helper1
                  0x0001be                  __eedata_helper2
                  0x0001c6                  __eedata_helper3
                  0x0001d2                  __eedata_helper4
                  0x0004ca                  __fPropagateNaN
                  0x0004dc                  __fbopExit
                  0x0004e4                  __fbopReturnNaN
                  0x00046e                  __fpack
                  0x0004ea                  __funpack
                  0x0004ba                  __funpack2
                  0x0001e4                  __memcpy_helper
                  0x000122                  __psv_init
                  0x000100                  __resetPRI
                  0x00292c                  _bresenham
                  0x002a90                  _cart_stat_det
                  0x002b6c                  _cart_stat_timer_T1
                  0x002774                  _cartridge_ident
                  0x003096                  _delay_ms
                  0x003060                  _delay_us
                  0x00310e                  _do_trace
                  0x002194                  _ee_param_act
                  0x0029a0                  _ident_timeout_timer_t1
                  0x002986                  _ident_timer_t1
                  0x000a62                  _iopar
                  0x003302                  _main
                  0x0032d0                  _measure_T2
                  0x0032fc                  _measure_init
                  0x002e9a                  _sci_timer
                  0x0014c2                  _state_machine_T1
                  0x0016dc                  _state_machine_T2
                  0x0019d0                  _state_machine_init
                  0x0019fe                  _stm_timer_II_T2
                  0x001a18                  _stm_timer_T1
                  0x0019e4                  _stm_timer_T2
                  0x000514                  _strlen
                  0x0024e6                  _temp_ctrl
                  0x002712                  _temp_ctrl_init
                  0x00275a                  _tmpctrl_timer_t1
                  0x0031fa                  _trace_init_first
                  0x0035e4                  _triac_control_init
                  0x0035ce                  _triac_fire_timer
                  0x000520                  _version
                  0x003220                  _zero_cross_II

Memory Configuration

Name             Origin             Length             Attributes
data             0x000800           0x000800           a !xr
reset            0x000000           0x000004  
ivt              0x000004           0x00007c  
aivt             0x000084           0x00007c  
program          0x000100           0x003efe           xr
eedata           0x7ffc00           0x000400  
FUID0            0x8005c0           0x000002  
FUID1            0x8005c2           0x000002  
FUID2            0x8005c4           0x000002  
FUID3            0x8005c6           0x000002  
FOSC             0xf80000           0x000002  
FWDT             0xf80002           0x000002  
FBORPOR          0xf80004           0x000002  
RESERVED1        0xf80006           0x000002  
RESERVED2        0xf80008           0x000002  
FGS              0xf8000a           0x000002  
ICD              0xf8000c           0x000002  
*default*        0x000000           0xffffffff  

Linker script and memory map

LOAD src\hex\DigitalIO.o
LOAD src\hex\main.o
LOAD src\hex\systmr.o
LOAD src\hex\task.o
LOAD src\hex\sirem.o
LOAD src\hex\PARLIST.o
LOAD src\hex\trace.o
LOAD src\hex\vuart.o
LOAD src\hex\vADC.o
LOAD src\hex\statemachine.o
LOAD src\hex\LCD.o
LOAD src\hex\eeprom.o
LOAD src\hex\triac_control.o
LOAD src\hex\IDENT.o
LOAD src\hex\tempctrl.o
LOAD src\hex\measure.o
LOAD src\hex\traps.o
LOAD c:/program files/microchip/mplabc30/v3.30c/bin/bin/../../lib/dsPIC30F\libp30F3014-coff.a
                    0x8005c0                  __FUID0 = 0x8005c0
                    0x8005c2                  __FUID1 = 0x8005c2
                    0x8005c4                  __FUID2 = 0x8005c4
                    0x8005c6                  __FUID3 = 0x8005c6
                    0xf80000                  __FOSC = 0xf80000
                    0xf80002                  __FWDT = 0xf80002
                    0xf80004                  __FBORPOR = 0xf80004
                    0xf80006                  __RESERVED1 = 0xf80006
                    0xf80008                  __RESERVED2 = 0xf80008
                    0xf8000a                  __FGS = 0xf8000a
                    0xf8000c                  __ICD = 0xf8000c
                    0x0001                  __NO_HANDLES = 0x1
                    0x0004                  __IVT_BASE = 0x4
                    0x0084                  __AIVT_BASE = 0x84
                    0x0800                  __DATA_BASE = 0x800
                    0x0800                  __DATA_LENGTH = 0x800
                    0x0c00                  __YDATA_BASE = 0xc00
                    0x0100                  __CODE_BASE = 0x100
                    0x3f00                  __CODE_LENGTH = 0x3f00

.reset            0x000000          0x4
                  0x000000          0x2 SHORT 0x100 ABSOLUTE (__reset)
                  0x000001          0x2 SHORT 0x4
                  0x000002          0x2 SHORT 0x0 ((ABSOLUTE (__reset) >> 0x10) & 0x7f)
                  0x000003          0x2 SHORT 0x0

.text             0x000100        0x420
 *(.init)
 .init            0x000100         0x32 c:/program files/microchip/mplabc30/v3.30c/bin/bin/../../lib\libpic30-coff.a(crt0_standard.o)
                  0x000100                  _resetPRI
                  0x000100                  _reset
                  0x000122                  _psv_init
 .init            0x000132         0x5e c:/program files/microchip/mplabc30/v3.30c/bin/bin/../../lib\libpic30-coff.a(data_init_standard.o)
                  0x000132                  _data_init_standard
                  0x000132                  _data_init
 *(.user_init)
 *(.handle)
 *(.isr*)
 .isr             0x000190          0x4 default_isr
                  0x000190                  _DefaultInterrupt
 *(.libc)
 .libc            0x000194         0x50 c:/program files/microchip/mplabc30/v3.30c/bin/bin/../../lib\libpic30-coff.a(eedata_helper.o)
                  0x000194                  _eedata_helper1
                  0x0001be                  _eedata_helper2
                  0x0001c6                  _eedata_helper3
                  0x0001d2                  _eedata_helper4
 .libc            0x0001e4         0x36 c:/program files/microchip/mplabc30/v3.30c/bin/bin/../../lib\libpic30-coff.a(memcpy_helper.o)
                  0x0001e4                  _memcpy_helper
 *(.libm)
 .libm            0x00021a         0x56 c:/program files/microchip/mplabc30/v3.30c/bin/bin/../../lib\libm-coff.a(floatsisf.o)
                  0x00021a                  __floatsisf
 .libm            0x000270         0xbc c:/program files/microchip/mplabc30/v3.30c/bin/bin/../../lib\libm-coff.a(addsf3.o)
                  0x000270                  __subsf3
                  0x000272                  __addsf3
 .libm            0x00032c         0x68 c:/program files/microchip/mplabc30/v3.30c/bin/bin/../../lib\libm-coff.a(mulsf3.o)
                  0x00032c                  __mulsf3
 .libm            0x000394         0x84 c:/program files/microchip/mplabc30/v3.30c/bin/bin/../../lib\libm-coff.a(divsf3.o)
                  0x000394                  __divsf3
 .libm            0x000418         0x36 c:/program files/microchip/mplabc30/v3.30c/bin/bin/../../lib\libm-coff.a(fixunssfsi.o)
                  0x000418                  __fixunssfsi
 .libm            0x00044e         0x20 c:/program files/microchip/mplabc30/v3.30c/bin/bin/../../lib\libm-coff.a(udivsi3.o)
                  0x00044e                  __udivsi3
 .libm            0x00046e         0x4c c:/program files/microchip/mplabc30/v3.30c/bin/bin/../../lib\libm-coff.a(fpack.o)
                  0x00046e                  _fpack
 .libm            0x0004ba         0x10 c:/program files/microchip/mplabc30/v3.30c/bin/bin/../../lib\libm-coff.a(funpack2.o)
                  0x0004ba                  _funpack2
 .libm            0x0004ca         0x20 c:/program files/microchip/mplabc30/v3.30c/bin/bin/../../lib\libm-coff.a(futil.o)
                  0x0004ca                  _fPropagateNaN
                  0x0004dc                  _fbopExit
                  0x0004e4                  _fbopReturnNaN
 .libm            0x0004ea         0x2a c:/program files/microchip/mplabc30/v3.30c/bin/bin/../../lib\libm-coff.a(funpack.o)
                  0x0004ea                  _funpack
 *(.libdsp)
 *(.lib*)
 .libc.strlen     0x000514          0xc c:/program files/microchip/mplabc30/v3.30c/bin/bin/../../lib\libc-coff.a(strlen.XXo)
                  0x000514                  strlen

usercode
 *(usercode)

__FUID0
 *(__FUID0.sec)

__FUID1
 *(__FUID1.sec)

__FUID2
 *(__FUID2.sec)

__FUID3
 *(__FUID3.sec)

__FOSC            0xf80000          0x2
 *(__FOSC.sec)
 __FOSC.sec       0xf80000          0x2 src\hex\main.o

__FWDT            0xf80002          0x2
 *(__FWDT.sec)
 __FWDT.sec       0xf80002          0x2 src\hex\main.o

__FBORPOR         0xf80004          0x2
 *(__FBORPOR.sec)
 __FBORPOR.sec    0xf80004          0x2 src\hex\main.o

__RESERVED1
 *(__RESERVED1.sec)

__RESERVED2
 *(__RESERVED2.sec)

__FGS             0xf8000a          0x2
 *(__FGS.sec)
 __FGS.sec        0xf8000a          0x2 FGS
                  0xf8000a                  _FGS.sec

__ICD
 *(__ICD.sec)

user_eedata
 *(user_eedata)

.icd                0x0800         0x50
                    0x0850                  . = (. + DEFINED (__ICD2RAM)?0x50:0x0)
 *fill*             0x0800         0x5000

userdata
 *(userdata)

.comment
 *(.comment)

.debug_info
 *(.debug_info)
 *(.gnu.linkonce.wi.*)

.debug_abbrev
 *(.debug_abbrev)

.debug_line
 *(.debug_line)

.debug_frame
 *(.debug_frame)

.debug_str
 *(.debug_str)

.debug_loc
 *(.debug_loc)

.debug_macinfo
 *(.debug_macinfo)

.debug_pubnames
 *(.debug_pubnames)

.debug_ranges
 *(.debug_ranges)

.debug_aranges
 *(.debug_aranges)

.ivt              0x000004         0x7c
                  0x000004          0x4 LONG 0x190 DEFINED (__ReservedTrap0)?ABSOLUTE (__ReservedTrap0):ABSOLUTE (__DefaultInterrupt)
                  0x000006          0x4 LONG 0x3576 DEFINED (__OscillatorFail)?ABSOLUTE (__OscillatorFail):ABSOLUTE (__DefaultInterrupt)
                  0x000008          0x4 LONG 0x358c DEFINED (__AddressError)?ABSOLUTE (__AddressError):ABSOLUTE (__DefaultInterrupt)
                  0x00000a          0x4 LONG 0x35a2 DEFINED (__StackError)?ABSOLUTE (__StackError):ABSOLUTE (__DefaultInterrupt)
                  0x00000c          0x4 LONG 0x35b8 DEFINED (__MathError)?ABSOLUTE (__MathError):ABSOLUTE (__DefaultInterrupt)
                  0x00000e          0x4 LONG 0x190 DEFINED (__ReservedTrap5)?ABSOLUTE (__ReservedTrap5):ABSOLUTE (__DefaultInterrupt)
                  0x000010          0x4 LONG 0x190 DEFINED (__ReservedTrap6)?ABSOLUTE (__ReservedTrap6):ABSOLUTE (__DefaultInterrupt)
                  0x000012          0x4 LONG 0x190 DEFINED (__ReservedTrap7)?ABSOLUTE (__ReservedTrap7):ABSOLUTE (__DefaultInterrupt)
                  0x000014          0x4 LONG 0x2f22 DEFINED (__INT0Interrupt)?ABSOLUTE (__INT0Interrupt):ABSOLUTE (__DefaultInterrupt)
                  0x000016          0x4 LONG 0x190 DEFINED (__IC1Interrupt)?ABSOLUTE (__IC1Interrupt):ABSOLUTE (__DefaultInterrupt)
                  0x000018          0x4 LONG 0x190 DEFINED (__OC1Interrupt)?ABSOLUTE (__OC1Interrupt):ABSOLUTE (__DefaultInterrupt)
                  0x00001a          0x4 LONG 0x2eec DEFINED (__T1Interrupt)?ABSOLUTE (__T1Interrupt):ABSOLUTE (__DefaultInterrupt)
                  0x00001c          0x4 LONG 0x190 DEFINED (__IC2Interrupt)?ABSOLUTE (__IC2Interrupt):ABSOLUTE (__DefaultInterrupt)
                  0x00001e          0x4 LONG 0x190 DEFINED (__OC2Interrupt)?ABSOLUTE (__OC2Interrupt):ABSOLUTE (__DefaultInterrupt)
                  0x000020          0x4 LONG 0x190 DEFINED (__T2Interrupt)?ABSOLUTE (__T2Interrupt):ABSOLUTE (__DefaultInterrupt)
                  0x000022          0x4 LONG 0x2eb0 DEFINED (__T3Interrupt)?ABSOLUTE (__T3Interrupt):ABSOLUTE (__DefaultInterrupt)
                  0x000024          0x4 LONG 0x190 DEFINED (__SPI1Interrupt)?ABSOLUTE (__SPI1Interrupt):ABSOLUTE (__DefaultInterrupt)
                  0x000026          0x4 LONG 0x2e3c DEFINED (__U1RXInterrupt)?ABSOLUTE (__U1RXInterrupt):ABSOLUTE (__DefaultInterrupt)
                  0x000028          0x4 LONG 0x190 DEFINED (__U1TXInterrupt)?ABSOLUTE (__U1TXInterrupt):ABSOLUTE (__DefaultInterrupt)
                  0x00002a          0x4 LONG 0x190 DEFINED (__ADCInterrupt)?ABSOLUTE (__ADCInterrupt):ABSOLUTE (__DefaultInterrupt)
                  0x00002c          0x4 LONG 0x190 DEFINED (__NVMInterrupt)?ABSOLUTE (__NVMInterrupt):ABSOLUTE (__DefaultInterrupt)
                  0x00002e          0x4 LONG 0x190 DEFINED (__SI2CInterrupt)?ABSOLUTE (__SI2CInterrupt):ABSOLUTE (__DefaultInterrupt)
                  0x000030          0x4 LONG 0x190 DEFINED (__MI2CInterrupt)?ABSOLUTE (__MI2CInterrupt):ABSOLUTE (__DefaultInterrupt)
                  0x000032          0x4 LONG 0x190 DEFINED (__CNInterrupt)?ABSOLUTE (__CNInterrupt):ABSOLUTE (__DefaultInterrupt)
                  0x000034          0x4 LONG 0x190 DEFINED (__INT1Interrupt)?ABSOLUTE (__INT1Interrupt):ABSOLUTE (__DefaultInterrupt)
                  0x000036          0x4 LONG 0x190 DEFINED (__IC7Interrupt)?ABSOLUTE (__IC7Interrupt):ABSOLUTE (__DefaultInterrupt)
                  0x000038          0x4 LONG 0x190 DEFINED (__IC8Interrupt)?ABSOLUTE (__IC8Interrupt):ABSOLUTE (__DefaultInterrupt)
                  0x00003a          0x4 LONG 0x190 DEFINED (__OC3Interrupt)?ABSOLUTE (__OC3Interrupt):ABSOLUTE (__DefaultInterrupt)
                  0x00003c          0x4 LONG 0x190 DEFINED (__OC4Interrupt)?ABSOLUTE (__OC4Interrupt):ABSOLUTE (__DefaultInterrupt)
                  0x00003e          0x4 LONG 0x190 DEFINED (__T4Interrupt)?ABSOLUTE (__T4Interrupt):ABSOLUTE (__DefaultInterrupt)
                  0x000040          0x4 LONG 0x190 DEFINED (__T5Interrupt)?ABSOLUTE (__T5Interrupt):ABSOLUTE (__DefaultInterrupt)
                  0x000042          0x4 LONG 0x190 DEFINED (__INT2Interrupt)?ABSOLUTE (__INT2Interrupt):ABSOLUTE (__DefaultInterrupt)
                  0x000044          0x4 LONG 0x190 DEFINED (__U2RXInterrupt)?ABSOLUTE (__U2RXInterrupt):ABSOLUTE (__DefaultInterrupt)
                  0x000046          0x4 LONG 0x190 DEFINED (__U2TXInterrupt)?ABSOLUTE (__U2TXInterrupt):ABSOLUTE (__DefaultInterrupt)
                  0x000048          0x4 LONG 0x190 DEFINED (__SPI2Interrupt)?ABSOLUTE (__SPI2Interrupt):ABSOLUTE (__DefaultInterrupt)
                  0x00004a          0x4 LONG 0x190 DEFINED (__C1Interrupt)?ABSOLUTE (__C1Interrupt):ABSOLUTE (__DefaultInterrupt)
                  0x00004c          0x4 LONG 0x190 DEFINED (__IC3Interrupt)?ABSOLUTE (__IC3Interrupt):ABSOLUTE (__DefaultInterrupt)
                  0x00004e          0x4 LONG 0x190 DEFINED (__IC4Interrupt)?ABSOLUTE (__IC4Interrupt):ABSOLUTE (__DefaultInterrupt)
                  0x000050          0x4 LONG 0x190 DEFINED (__IC5Interrupt)?ABSOLUTE (__IC5Interrupt):ABSOLUTE (__DefaultInterrupt)
                  0x000052          0x4 LONG 0x190 DEFINED (__IC6Interrupt)?ABSOLUTE (__IC6Interrupt):ABSOLUTE (__DefaultInterrupt)
                  0x000054          0x4 LONG 0x190 DEFINED (__OC5Interrupt)?ABSOLUTE (__OC5Interrupt):ABSOLUTE (__DefaultInterrupt)
                  0x000056          0x4 LONG 0x190 DEFINED (__OC6Interrupt)?ABSOLUTE (__OC6Interrupt):ABSOLUTE (__DefaultInterrupt)
                  0x000058          0x4 LONG 0x190 DEFINED (__OC7Interrupt)?ABSOLUTE (__OC7Interrupt):ABSOLUTE (__DefaultInterrupt)
                  0x00005a          0x4 LONG 0x190 DEFINED (__OC8Interrupt)?ABSOLUTE (__OC8Interrupt):ABSOLUTE (__DefaultInterrupt)
                  0x00005c          0x4 LONG 0x190 DEFINED (__INT3Interrupt)?ABSOLUTE (__INT3Interrupt):ABSOLUTE (__DefaultInterrupt)
                  0x00005e          0x4 LONG 0x190 DEFINED (__INT4Interrupt)?ABSOLUTE (__INT4Interrupt):ABSOLUTE (__DefaultInterrupt)
                  0x000060          0x4 LONG 0x190 DEFINED (__C2Interrupt)?ABSOLUTE (__C2Interrupt):ABSOLUTE (__DefaultInterrupt)
                  0x000062          0x4 LONG 0x190 DEFINED (__PWMInterrupt)?ABSOLUTE (__PWMInterrupt):ABSOLUTE (__DefaultInterrupt)
                  0x000064          0x4 LONG 0x190 DEFINED (__QEIInterrupt)?ABSOLUTE (__QEIInterrupt):ABSOLUTE (__DefaultInterrupt)
                  0x000066          0x4 LONG 0x190 DEFINED (__DCIInterrupt)?ABSOLUTE (__DCIInterrupt):ABSOLUTE (__DefaultInterrupt)
                  0x000068          0x4 LONG 0x190 DEFINED (__LVDInterrupt)?ABSOLUTE (__LVDInterrupt):ABSOLUTE (__DefaultInterrupt)
                  0x00006a          0x4 LONG 0x190 DEFINED (__FLTAInterrupt)?ABSOLUTE (__FLTAInterrupt):ABSOLUTE (__DefaultInterrupt)
                  0x00006c          0x4 LONG 0x190 DEFINED (__FLTBInterrupt)?ABSOLUTE (__FLTBInterrupt):ABSOLUTE (__DefaultInterrupt)
                  0x00006e          0x4 LONG 0x190 DEFINED (__Interrupt45)?ABSOLUTE (__Interrupt45):ABSOLUTE (__DefaultInterrupt)
                  0x000070          0x4 LONG 0x190 DEFINED (__Interrupt46)?ABSOLUTE (__Interrupt46):ABSOLUTE (__DefaultInterrupt)
                  0x000072          0x4 LONG 0x190 DEFINED (__Interrupt47)?ABSOLUTE (__Interrupt47):ABSOLUTE (__DefaultInterrupt)
                  0x000074          0x4 LONG 0x190 DEFINED (__Interrupt48)?ABSOLUTE (__Interrupt48):ABSOLUTE (__DefaultInterrupt)
                  0x000076          0x4 LONG 0x190 DEFINED (__Interrupt49)?ABSOLUTE (__Interrupt49):ABSOLUTE (__DefaultInterrupt)
                  0x000078          0x4 LONG 0x190 DEFINED (__Interrupt50)?ABSOLUTE (__Interrupt50):ABSOLUTE (__DefaultInterrupt)
                  0x00007a          0x4 LONG 0x190 DEFINED (__Interrupt51)?ABSOLUTE (__Interrupt51):ABSOLUTE (__DefaultInterrupt)
                  0x00007c          0x4 LONG 0x190 DEFINED (__Interrupt52)?ABSOLUTE (__Interrupt52):ABSOLUTE (__DefaultInterrupt)
                  0x00007e          0x4 LONG 0x190 DEFINED (__Interrupt53)?ABSOLUTE (__Interrupt53):ABSOLUTE (__DefaultInterrupt)

.aivt             0x000084         0x7c
                  0x000084          0x4 LONG 0x190 DEFINED (__AltReservedTrap0)?ABSOLUTE (__AltReservedTrap0):DEFINED (__ReservedTrap0)?ABSOLUTE (__ReservedTrap0):ABSOLUTE (__DefaultInterrupt)
                  0x000086          0x4 LONG 0x3576 DEFINED (__AltOscillatorFail)?ABSOLUTE (__AltOscillatorFail):DEFINED (__OscillatorFail)?ABSOLUTE (__OscillatorFail):ABSOLUTE (__DefaultInterrupt)
                  0x000088          0x4 LONG 0x358c DEFINED (__AltAddressError)?ABSOLUTE (__AltAddressError):DEFINED (__AddressError)?ABSOLUTE (__AddressError):ABSOLUTE (__DefaultInterrupt)
                  0x00008a          0x4 LONG 0x35a2 DEFINED (__AltStackError)?ABSOLUTE (__AltStackError):DEFINED (__StackError)?ABSOLUTE (__StackError):ABSOLUTE (__DefaultInterrupt)
                  0x00008c          0x4 LONG 0x35b8 DEFINED (__AltMathError)?ABSOLUTE (__AltMathError):DEFINED (__MathError)?ABSOLUTE (__MathError):ABSOLUTE (__DefaultInterrupt)
                  0x00008e          0x4 LONG 0x190 DEFINED (__AltReservedTrap5)?ABSOLUTE (__AltReservedTrap5):DEFINED (__ReservedTrap5)?ABSOLUTE (__ReservedTrap5):ABSOLUTE (__DefaultInterrupt)
                  0x000090          0x4 LONG 0x190 DEFINED (__AltReservedTrap6)?ABSOLUTE (__AltReservedTrap6):DEFINED (__ReservedTrap6)?ABSOLUTE (__ReservedTrap6):ABSOLUTE (__DefaultInterrupt)
                  0x000092          0x4 LONG 0x190 DEFINED (__AltReservedTrap7)?ABSOLUTE (__AltReservedTrap7):DEFINED (__ReservedTrap7)?ABSOLUTE (__ReservedTrap7):ABSOLUTE (__DefaultInterrupt)
                  0x000094          0x4 LONG 0x2f22 DEFINED (__AltINT0Interrupt)?ABSOLUTE (__AltINT0Interrupt):DEFINED (__INT0Interrupt)?ABSOLUTE (__INT0Interrupt):ABSOLUTE (__DefaultInterrupt)
                  0x000096          0x4 LONG 0x190 DEFINED (__AltIC1Interrupt)?ABSOLUTE (__AltIC1Interrupt):DEFINED (__IC1Interrupt)?ABSOLUTE (__IC1Interrupt):ABSOLUTE (__DefaultInterrupt)
                  0x000098          0x4 LONG 0x190 DEFINED (__AltOC1Interrupt)?ABSOLUTE (__AltOC1Interrupt):DEFINED (__OC1Interrupt)?ABSOLUTE (__OC1Interrupt):ABSOLUTE (__DefaultInterrupt)
                  0x00009a          0x4 LONG 0x2eec DEFINED (__AltT1Interrupt)?ABSOLUTE (__AltT1Interrupt):DEFINED (__T1Interrupt)?ABSOLUTE (__T1Interrupt):ABSOLUTE (__DefaultInterrupt)
                  0x00009c          0x4 LONG 0x190 DEFINED (__AltIC2Interrupt)?ABSOLUTE (__AltIC2Interrupt):DEFINED (__IC2Interrupt)?ABSOLUTE (__IC2Interrupt):ABSOLUTE (__DefaultInterrupt)
                  0x00009e          0x4 LONG 0x190 DEFINED (__AltOC2Interrupt)?ABSOLUTE (__AltOC2Interrupt):DEFINED (__OC2Interrupt)?ABSOLUTE (__OC2Interrupt):ABSOLUTE (__DefaultInterrupt)
                  0x0000a0          0x4 LONG 0x190 DEFINED (__AltT2Interrupt)?ABSOLUTE (__AltT2Interrupt):DEFINED (__T2Interrupt)?ABSOLUTE (__T2Interrupt):ABSOLUTE (__DefaultInterrupt)
                  0x0000a2          0x4 LONG 0x2eb0 DEFINED (__AltT3Interrupt)?ABSOLUTE (__AltT3Interrupt):DEFINED (__T3Interrupt)?ABSOLUTE (__T3Interrupt):ABSOLUTE (__DefaultInterrupt)
                  0x0000a4          0x4 LONG 0x190 DEFINED (__AltSPI1Interrupt)?ABSOLUTE (__AltSPI1Interrupt):DEFINED (__SPI1Interrupt)?ABSOLUTE (__SPI1Interrupt):ABSOLUTE (__DefaultInterrupt)
                  0x0000a6          0x4 LONG 0x2e3c DEFINED (__AltU1RXInterrupt)?ABSOLUTE (__AltU1RXInterrupt):DEFINED (__U1RXInterrupt)?ABSOLUTE (__U1RXInterrupt):ABSOLUTE (__DefaultInterrupt)
                  0x0000a8          0x4 LONG 0x190 DEFINED (__AltU1TXInterrupt)?ABSOLUTE (__AltU1TXInterrupt):DEFINED (__U1TXInterrupt)?ABSOLUTE (__U1TXInterrupt):ABSOLUTE (__DefaultInterrupt)
                  0x0000aa          0x4 LONG 0x190 DEFINED (__AltADCInterrupt)?ABSOLUTE (__AltADCInterrupt):DEFINED (__ADCInterrupt)?ABSOLUTE (__ADCInterrupt):ABSOLUTE (__DefaultInterrupt)
                  0x0000ac          0x4 LONG 0x190 DEFINED (__AltNVMInterrupt)?ABSOLUTE (__AltNVMInterrupt):DEFINED (__NVMInterrupt)?ABSOLUTE (__NVMInterrupt):ABSOLUTE (__DefaultInterrupt)
                  0x0000ae          0x4 LONG 0x190 DEFINED (__AltSI2CInterrupt)?ABSOLUTE (__AltSI2CInterrupt):DEFINED (__SI2CInterrupt)?ABSOLUTE (__SI2CInterrupt):ABSOLUTE (__DefaultInterrupt)
                  0x0000b0          0x4 LONG 0x190 DEFINED (__AltMI2CInterrupt)?ABSOLUTE (__AltMI2CInterrupt):DEFINED (__MI2CInterrupt)?ABSOLUTE (__MI2CInterrupt):ABSOLUTE (__DefaultInterrupt)
                  0x0000b2          0x4 LONG 0x190 DEFINED (__AltCNInterrupt)?ABSOLUTE (__AltCNInterrupt):DEFINED (__CNInterrupt)?ABSOLUTE (__CNInterrupt):ABSOLUTE (__DefaultInterrupt)
                  0x0000b4          0x4 LONG 0x190 DEFINED (__AltINT1Interrupt)?ABSOLUTE (__AltINT1Interrupt):DEFINED (__INT1Interrupt)?ABSOLUTE (__INT1Interrupt):ABSOLUTE (__DefaultInterrupt)
                  0x0000b6          0x4 LONG 0x190 DEFINED (__AltIC7Interrupt)?ABSOLUTE (__AltIC7Interrupt):DEFINED (__IC7Interrupt)?ABSOLUTE (__IC7Interrupt):ABSOLUTE (__DefaultInterrupt)
                  0x0000b8          0x4 LONG 0x190 DEFINED (__AltIC8Interrupt)?ABSOLUTE (__AltIC8Interrupt):DEFINED (__IC8Interrupt)?ABSOLUTE (__IC8Interrupt):ABSOLUTE (__DefaultInterrupt)
                  0x0000ba          0x4 LONG 0x190 DEFINED (__AltOC3Interrupt)?ABSOLUTE (__AltOC3Interrupt):DEFINED (__OC3Interrupt)?ABSOLUTE (__OC3Interrupt):ABSOLUTE (__DefaultInterrupt)
                  0x0000bc          0x4 LONG 0x190 DEFINED (__AltOC4Interrupt)?ABSOLUTE (__AltOC4Interrupt):DEFINED (__OC4Interrupt)?ABSOLUTE (__OC4Interrupt):ABSOLUTE (__DefaultInterrupt)
                  0x0000be          0x4 LONG 0x190 DEFINED (__AltT4Interrupt)?ABSOLUTE (__AltT4Interrupt):DEFINED (__T4Interrupt)?ABSOLUTE (__T4Interrupt):ABSOLUTE (__DefaultInterrupt)
                  0x0000c0          0x4 LONG 0x190 DEFINED (__AltT5Interrupt)?ABSOLUTE (__AltT5Interrupt):DEFINED (__T5Interrupt)?ABSOLUTE (__T5Interrupt):ABSOLUTE (__DefaultInterrupt)
                  0x0000c2          0x4 LONG 0x190 DEFINED (__AltINT2Interrupt)?ABSOLUTE (__AltINT2Interrupt):DEFINED (__INT2Interrupt)?ABSOLUTE (__INT2Interrupt):ABSOLUTE (__DefaultInterrupt)
                  0x0000c4          0x4 LONG 0x190 DEFINED (__AltU2RXInterrupt)?ABSOLUTE (__AltU2RXInterrupt):DEFINED (__U2RXInterrupt)?ABSOLUTE (__U2RXInterrupt):ABSOLUTE (__DefaultInterrupt)
                  0x0000c6          0x4 LONG 0x190 DEFINED (__AltU2TXInterrupt)?ABSOLUTE (__AltU2TXInterrupt):DEFINED (__U2TXInterrupt)?ABSOLUTE (__U2TXInterrupt):ABSOLUTE (__DefaultInterrupt)
                  0x0000c8          0x4 LONG 0x190 DEFINED (__AltSPI2Interrupt)?ABSOLUTE (__AltSPI2Interrupt):DEFINED (__SPI2Interrupt)?ABSOLUTE (__SPI2Interrupt):ABSOLUTE (__DefaultInterrupt)
                  0x0000ca          0x4 LONG 0x190 DEFINED (__AltC1Interrupt)?ABSOLUTE (__AltC1Interrupt):DEFINED (__C1Interrupt)?ABSOLUTE (__C1Interrupt):ABSOLUTE (__DefaultInterrupt)
                  0x0000cc          0x4 LONG 0x190 DEFINED (__AltIC3Interrupt)?ABSOLUTE (__AltIC3Interrupt):DEFINED (__IC3Interrupt)?ABSOLUTE (__IC3Interrupt):ABSOLUTE (__DefaultInterrupt)
                  0x0000ce          0x4 LONG 0x190 DEFINED (__AltIC4Interrupt)?ABSOLUTE (__AltIC4Interrupt):DEFINED (__IC4Interrupt)?ABSOLUTE (__IC4Interrupt):ABSOLUTE (__DefaultInterrupt)
                  0x0000d0          0x4 LONG 0x190 DEFINED (__AltIC5Interrupt)?ABSOLUTE (__AltIC5Interrupt):DEFINED (__IC5Interrupt)?ABSOLUTE (__IC5Interrupt):ABSOLUTE (__DefaultInterrupt)
                  0x0000d2          0x4 LONG 0x190 DEFINED (__AltIC6Interrupt)?ABSOLUTE (__AltIC6Interrupt):DEFINED (__IC6Interrupt)?ABSOLUTE (__IC6Interrupt):ABSOLUTE (__DefaultInterrupt)
                  0x0000d4          0x4 LONG 0x190 DEFINED (__AltOC5Interrupt)?ABSOLUTE (__AltOC5Interrupt):DEFINED (__OC5Interrupt)?ABSOLUTE (__OC5Interrupt):ABSOLUTE (__DefaultInterrupt)
                  0x0000d6          0x4 LONG 0x190 DEFINED (__AltOC6Interrupt)?ABSOLUTE (__AltOC6Interrupt):DEFINED (__OC6Interrupt)?ABSOLUTE (__OC6Interrupt):ABSOLUTE (__DefaultInterrupt)
                  0x0000d8          0x4 LONG 0x190 DEFINED (__AltOC7Interrupt)?ABSOLUTE (__AltOC7Interrupt):DEFINED (__OC7Interrupt)?ABSOLUTE (__OC7Interrupt):ABSOLUTE (__DefaultInterrupt)
                  0x0000da          0x4 LONG 0x190 DEFINED (__AltOC8Interrupt)?ABSOLUTE (__AltOC8Interrupt):DEFINED (__OC8Interrupt)?ABSOLUTE (__OC8Interrupt):ABSOLUTE (__DefaultInterrupt)
                  0x0000dc          0x4 LONG 0x190 DEFINED (__AltINT3Interrupt)?ABSOLUTE (__AltINT3Interrupt):DEFINED (__INT3Interrupt)?ABSOLUTE (__INT3Interrupt):ABSOLUTE (__DefaultInterrupt)
                  0x0000de          0x4 LONG 0x190 DEFINED (__AltINT4Interrupt)?ABSOLUTE (__AltINT4Interrupt):DEFINED (__INT4Interrupt)?ABSOLUTE (__INT4Interrupt):ABSOLUTE (__DefaultInterrupt)
                  0x0000e0          0x4 LONG 0x190 DEFINED (__AltC2Interrupt)?ABSOLUTE (__AltC2Interrupt):DEFINED (__C2Interrupt)?ABSOLUTE (__C2Interrupt):ABSOLUTE (__DefaultInterrupt)
                  0x0000e2          0x4 LONG 0x190 DEFINED (__AltPWMInterrupt)?ABSOLUTE (__AltPWMInterrupt):DEFINED (__PWMInterrupt)?ABSOLUTE (__PWMInterrupt):ABSOLUTE (__DefaultInterrupt)
                  0x0000e4          0x4 LONG 0x190 DEFINED (__AltQEIInterrupt)?ABSOLUTE (__AltQEIInterrupt):DEFINED (__QEIInterrupt)?ABSOLUTE (__QEIInterrupt):ABSOLUTE (__DefaultInterrupt)
                  0x0000e6          0x4 LONG 0x190 DEFINED (__AltDCIInterrupt)?ABSOLUTE (__AltDCIInterrupt):DEFINED (__DCIInterrupt)?ABSOLUTE (__DCIInterrupt):ABSOLUTE (__DefaultInterrupt)
                  0x0000e8          0x4 LONG 0x190 DEFINED (__AltLVDInterrupt)?ABSOLUTE (__AltLVDInterrupt):DEFINED (__LVDInterrupt)?ABSOLUTE (__LVDInterrupt):ABSOLUTE (__DefaultInterrupt)
                  0x0000ea          0x4 LONG 0x190 DEFINED (__AltFLTAInterrupt)?ABSOLUTE (__AltFLTAInterrupt):DEFINED (__FLTAInterrupt)?ABSOLUTE (__FLTAInterrupt):ABSOLUTE (__DefaultInterrupt)
                  0x0000ec          0x4 LONG 0x190 DEFINED (__AltFLTBInterrupt)?ABSOLUTE (__AltFLTBInterrupt):DEFINED (__FLTBInterrupt)?ABSOLUTE (__FLTBInterrupt):ABSOLUTE (__DefaultInterrupt)
                  0x0000ee          0x4 LONG 0x190 DEFINED (__AltInterrupt45)?ABSOLUTE (__AltInterrupt45):DEFINED (__Interrupt45)?ABSOLUTE (__Interrupt45):ABSOLUTE (__DefaultInterrupt)
                  0x0000f0          0x4 LONG 0x190 DEFINED (__AltInterrupt46)?ABSOLUTE (__AltInterrupt46):DEFINED (__Interrupt46)?ABSOLUTE (__Interrupt46):ABSOLUTE (__DefaultInterrupt)
                  0x0000f2          0x4 LONG 0x190 DEFINED (__AltInterrupt47)?ABSOLUTE (__AltInterrupt47):DEFINED (__Interrupt47)?ABSOLUTE (__Interrupt47):ABSOLUTE (__DefaultInterrupt)
                  0x0000f4          0x4 LONG 0x190 DEFINED (__AltInterrupt48)?ABSOLUTE (__AltInterrupt48):DEFINED (__Interrupt48)?ABSOLUTE (__Interrupt48):ABSOLUTE (__DefaultInterrupt)
                  0x0000f6          0x4 LONG 0x190 DEFINED (__AltInterrupt49)?ABSOLUTE (__AltInterrupt49):DEFINED (__Interrupt49)?ABSOLUTE (__Interrupt49):ABSOLUTE (__DefaultInterrupt)
                  0x0000f8          0x4 LONG 0x190 DEFINED (__AltInterrupt50)?ABSOLUTE (__AltInterrupt50):DEFINED (__Interrupt50)?ABSOLUTE (__Interrupt50):ABSOLUTE (__DefaultInterrupt)
                  0x0000fa          0x4 LONG 0x190 DEFINED (__AltInterrupt51)?ABSOLUTE (__AltInterrupt51):DEFINED (__Interrupt51)?ABSOLUTE (__Interrupt51):ABSOLUTE (__DefaultInterrupt)
                  0x0000fc          0x4 LONG 0x190 DEFINED (__AltInterrupt52)?ABSOLUTE (__AltInterrupt52):DEFINED (__Interrupt52)?ABSOLUTE (__Interrupt52):ABSOLUTE (__DefaultInterrupt)
                  0x0000fe          0x4 LONG 0x190 DEFINED (__AltInterrupt53)?ABSOLUTE (__AltInterrupt53):DEFINED (__Interrupt53)?ABSOLUTE (__Interrupt53):ABSOLUTE (__DefaultInterrupt)
                    0x0000                  WREG0 = 0x0
                    0x0000                  _WREG0 = 0x0
                    0x0002                  WREG1 = 0x2
                    0x0002                  _WREG1 = 0x2
                    0x0004                  WREG2 = 0x4
                    0x0004                  _WREG2 = 0x4
                    0x0006                  WREG3 = 0x6
                    0x0006                  _WREG3 = 0x6
                    0x0008                  WREG4 = 0x8
                    0x0008                  _WREG4 = 0x8
                    0x000a                  WREG5 = 0xa
                    0x000a                  _WREG5 = 0xa
                    0x000c                  WREG6 = 0xc
                    0x000c                  _WREG6 = 0xc
                    0x000e                  WREG7 = 0xe
                    0x000e                  _WREG7 = 0xe
                    0x0010                  WREG8 = 0x10
                    0x0010                  _WREG8 = 0x10
                    0x0012                  WREG9 = 0x12
                    0x0012                  _WREG9 = 0x12
                    0x0014                  WREG10 = 0x14
                    0x0014                  _WREG10 = 0x14
                    0x0016                  WREG11 = 0x16
                    0x0016                  _WREG11 = 0x16
                    0x0018                  WREG12 = 0x18
                    0x0018                  _WREG12 = 0x18
                    0x001a                  WREG13 = 0x1a
                    0x001a                  _WREG13 = 0x1a
                    0x001c                  WREG14 = 0x1c
                    0x001c                  _WREG14 = 0x1c
                    0x001e                  WREG15 = 0x1e
                    0x001e                  _WREG15 = 0x1e
                    0x0020                  SPLIM = 0x20
                    0x0020                  _SPLIM = 0x20
                    0x0022                  ACCAL = 0x22
                    0x0022                  _ACCAL = 0x22
                    0x0024                  ACCAH = 0x24
                    0x0024                  _ACCAH = 0x24
                    0x0026                  ACCAU = 0x26
                    0x0026                  _ACCAU = 0x26
                    0x0028                  ACCBL = 0x28
                    0x0028                  _ACCBL = 0x28
                    0x002a                  ACCBH = 0x2a
                    0x002a                  _ACCBH = 0x2a
                    0x002c                  ACCBU = 0x2c
                    0x002c                  _ACCBU = 0x2c
                    0x002e                  PCL = 0x2e
                    0x002e                  _PCL = 0x2e
                    0x0030                  PCH = 0x30
                    0x0030                  _PCH = 0x30
                    0x0032                  TBLPAG = 0x32
                    0x0032                  _TBLPAG = 0x32
                    0x0034                  PSVPAG = 0x34
                    0x0034                  _PSVPAG = 0x34
                    0x0036                  RCOUNT = 0x36
                    0x0036                  _RCOUNT = 0x36
                    0x0038                  DCOUNT = 0x38
                    0x0038                  _DCOUNT = 0x38
                    0x003a                  DOSTARTL = 0x3a
                    0x003a                  _DOSTARTL = 0x3a
                    0x003c                  DOSTARTH = 0x3c
                    0x003c                  _DOSTARTH = 0x3c
                    0x003e                  DOENDL = 0x3e
                    0x003e                  _DOENDL = 0x3e
                    0x0040                  DOENDH = 0x40
                    0x0040                  _DOENDH = 0x40
                    0x0042                  SR = 0x42
                    0x0042                  _SR = 0x42
                    0x0042                  _SRbits = 0x42
                    0x0044                  CORCON = 0x44
                    0x0044                  _CORCON = 0x44
                    0x0044                  _CORCONbits = 0x44
                    0x0046                  MODCON = 0x46
                    0x0046                  _MODCON = 0x46
                    0x0046                  _MODCONbits = 0x46
                    0x0048                  XMODSRT = 0x48
                    0x0048                  _XMODSRT = 0x48
                    0x004a                  XMODEND = 0x4a
                    0x004a                  _XMODEND = 0x4a
                    0x004c                  YMODSRT = 0x4c
                    0x004c                  _YMODSRT = 0x4c
                    0x004e                  YMODEND = 0x4e
                    0x004e                  _YMODEND = 0x4e
                    0x0050                  XBREV = 0x50
                    0x0050                  _XBREV = 0x50
                    0x0050                  _XBREVbits = 0x50
                    0x0052                  DISICNT = 0x52
                    0x0052                  _DISICNT = 0x52
                    0x0052                  _DISICNTbits = 0x52
                    0x0080                  INTCON1 = 0x80
                    0x0080                  _INTCON1 = 0x80
                    0x0080                  _INTCON1bits = 0x80
                    0x0082                  INTCON2 = 0x82
                    0x0082                  _INTCON2 = 0x82
                    0x0082                  _INTCON2bits = 0x82
                    0x0084                  IFS0 = 0x84
                    0x0084                  _IFS0 = 0x84
                    0x0084                  _IFS0bits = 0x84
                    0x0086                  IFS1 = 0x86
                    0x0086                  _IFS1 = 0x86
                    0x0086                  _IFS1bits = 0x86
                    0x0088                  IFS2 = 0x88
                    0x0088                  _IFS2 = 0x88
                    0x0088                  _IFS2bits = 0x88
                    0x008c                  IEC0 = 0x8c
                    0x008c                  _IEC0 = 0x8c
                    0x008c                  _IEC0bits = 0x8c
                    0x008e                  IEC1 = 0x8e
                    0x008e                  _IEC1 = 0x8e
                    0x008e                  _IEC1bits = 0x8e
                    0x0090                  IEC2 = 0x90
                    0x0090                  _IEC2 = 0x90
                    0x0090                  _IEC2bits = 0x90
                    0x0094                  IPC0 = 0x94
                    0x0094                  _IPC0 = 0x94
                    0x0094                  _IPC0bits = 0x94
                    0x0096                  IPC1 = 0x96
                    0x0096                  _IPC1 = 0x96
                    0x0096                  _IPC1bits = 0x96
                    0x0098                  IPC2 = 0x98
                    0x0098                  _IPC2 = 0x98
                    0x0098                  _IPC2bits = 0x98
                    0x009a                  IPC3 = 0x9a
                    0x009a                  _IPC3 = 0x9a
                    0x009a                  _IPC3bits = 0x9a
                    0x009c                  IPC4 = 0x9c
                    0x009c                  _IPC4 = 0x9c
                    0x009c                  _IPC4bits = 0x9c
                    0x009e                  IPC5 = 0x9e
                    0x009e                  _IPC5 = 0x9e
                    0x009e                  _IPC5bits = 0x9e
                    0x00a0                  IPC6 = 0xa0
                    0x00a0                  _IPC6 = 0xa0
                    0x00a0                  _IPC6bits = 0xa0
                    0x00a8                  IPC10 = 0xa8
                    0x00a8                  _IPC10 = 0xa8
                    0x00a8                  _IPC10bits = 0xa8
                    0x00b0                  INTTREG = 0xb0
                    0x00b0                  _INTTREG = 0xb0
                    0x00b0                  _INTTREGbits = 0xb0
                    0x00c0                  CNEN1 = 0xc0
                    0x00c0                  _CNEN1 = 0xc0
                    0x00c0                  _CNEN1bits = 0xc0
                    0x00c2                  CNEN2 = 0xc2
                    0x00c2                  _CNEN2 = 0xc2
                    0x00c2                  _CNEN2bits = 0xc2
                    0x00c4                  CNPU1 = 0xc4
                    0x00c4                  _CNPU1 = 0xc4
                    0x00c4                  _CNPU1bits = 0xc4
                    0x00c6                  CNPU2 = 0xc6
                    0x00c6                  _CNPU2 = 0xc6
                    0x00c6                  _CNPU2bits = 0xc6
                    0x0100                  TMR1 = 0x100
                    0x0100                  _TMR1 = 0x100
                    0x0102                  PR1 = 0x102
                    0x0102                  _PR1 = 0x102
                    0x0104                  T1CON = 0x104
                    0x0104                  _T1CON = 0x104
                    0x0104                  _T1CONbits = 0x104
                    0x0106                  TMR2 = 0x106
                    0x0106                  _TMR2 = 0x106
                    0x0108                  TMR3HLD = 0x108
                    0x0108                  _TMR3HLD = 0x108
                    0x010a                  TMR3 = 0x10a
                    0x010a                  _TMR3 = 0x10a
                    0x010c                  PR2 = 0x10c
                    0x010c                  _PR2 = 0x10c
                    0x010e                  PR3 = 0x10e
                    0x010e                  _PR3 = 0x10e
                    0x0110                  T2CON = 0x110
                    0x0110                  _T2CON = 0x110
                    0x0110                  _T2CONbits = 0x110
                    0x0112                  T3CON = 0x112
                    0x0112                  _T3CON = 0x112
                    0x0112                  _T3CONbits = 0x112
                    0x0140                  IC1BUF = 0x140
                    0x0140                  _IC1BUF = 0x140
                    0x0142                  IC1CON = 0x142
                    0x0142                  _IC1CON = 0x142
                    0x0142                  _IC1CONbits = 0x142
                    0x0144                  IC2BUF = 0x144
                    0x0144                  _IC2BUF = 0x144
                    0x0146                  IC2CON = 0x146
                    0x0146                  _IC2CON = 0x146
                    0x0146                  _IC2CONbits = 0x146
                    0x0180                  OC1RS = 0x180
                    0x0180                  _OC1RS = 0x180
                    0x0182                  OC1R = 0x182
                    0x0182                  _OC1R = 0x182
                    0x0184                  OC1CON = 0x184
                    0x0184                  _OC1CON = 0x184
                    0x0184                  _OC1CONbits = 0x184
                    0x0186                  OC2RS = 0x186
                    0x0186                  _OC2RS = 0x186
                    0x0188                  OC2R = 0x188
                    0x0188                  _OC2R = 0x188
                    0x018a                  OC2CON = 0x18a
                    0x018a                  _OC2CON = 0x18a
                    0x018a                  _OC2CONbits = 0x18a
                    0x0200                  I2CRCV = 0x200
                    0x0200                  _I2CRCV = 0x200
                    0x0200                  _I2CRCVbits = 0x200
                    0x0202                  I2CTRN = 0x202
                    0x0202                  _I2CTRN = 0x202
                    0x0202                  _I2CTRNbits = 0x202
                    0x0204                  I2CBRG = 0x204
                    0x0204                  _I2CBRG = 0x204
                    0x0204                  _I2CBRGbits = 0x204
                    0x0206                  I2CCON = 0x206
                    0x0206                  _I2CCON = 0x206
                    0x0206                  _I2CCONbits = 0x206
                    0x0208                  I2CSTAT = 0x208
                    0x0208                  _I2CSTAT = 0x208
                    0x0208                  _I2CSTATbits = 0x208
                    0x020a                  I2CADD = 0x20a
                    0x020a                  _I2CADD = 0x20a
                    0x020a                  _I2CADDbits = 0x20a
                    0x020c                  U1MODE = 0x20c
                    0x020c                  _U1MODE = 0x20c
                    0x020c                  _U1MODEbits = 0x20c
                    0x020e                  U1STA = 0x20e
                    0x020e                  _U1STA = 0x20e
                    0x020e                  _U1STAbits = 0x20e
                    0x0210                  U1TXREG = 0x210
                    0x0210                  _U1TXREG = 0x210
                    0x0210                  _U1TXREGbits = 0x210
                    0x0212                  U1RXREG = 0x212
                    0x0212                  _U1RXREG = 0x212
                    0x0212                  _U1RXREGbits = 0x212
                    0x0214                  U1BRG = 0x214
                    0x0214                  _U1BRG = 0x214
                    0x0216                  U2MODE = 0x216
                    0x0216                  _U2MODE = 0x216
                    0x0216                  _U2MODEbits = 0x216
                    0x0218                  U2STA = 0x218
                    0x0218                  _U2STA = 0x218
                    0x0218                  _U2STAbits = 0x218
                    0x021a                  U2TXREG = 0x21a
                    0x021a                  _U2TXREG = 0x21a
                    0x021a                  _U2TXREGbits = 0x21a
                    0x021c                  U2RXREG = 0x21c
                    0x021c                  _U2RXREG = 0x21c
                    0x021c                  _U2RXREGbits = 0x21c
                    0x021e                  U2BRG = 0x21e
                    0x021e                  _U2BRG = 0x21e
                    0x0220                  SPI1STAT = 0x220
                    0x0220                  _SPI1STAT = 0x220
                    0x0220                  _SPI1STATbits = 0x220
                    0x0222                  SPI1CON = 0x222
                    0x0222                  _SPI1CON = 0x222
                    0x0222                  _SPI1CONbits = 0x222
                    0x0224                  SPI1BUF = 0x224
                    0x0224                  _SPI1BUF = 0x224
                    0x0280                  ADCBUF0 = 0x280
                    0x0280                  _ADCBUF0 = 0x280
                    0x0282                  ADCBUF1 = 0x282
                    0x0282                  _ADCBUF1 = 0x282
                    0x0284                  ADCBUF2 = 0x284
                    0x0284                  _ADCBUF2 = 0x284
                    0x0286                  ADCBUF3 = 0x286
                    0x0286                  _ADCBUF3 = 0x286
                    0x0288                  ADCBUF4 = 0x288
                    0x0288                  _ADCBUF4 = 0x288
                    0x028a                  ADCBUF5 = 0x28a
                    0x028a                  _ADCBUF5 = 0x28a
                    0x028c                  ADCBUF6 = 0x28c
                    0x028c                  _ADCBUF6 = 0x28c
                    0x028e                  ADCBUF7 = 0x28e
                    0x028e                  _ADCBUF7 = 0x28e
                    0x0290                  ADCBUF8 = 0x290
                    0x0290                  _ADCBUF8 = 0x290
                    0x0292                  ADCBUF9 = 0x292
                    0x0292                  _ADCBUF9 = 0x292
                    0x0294                  ADCBUFA = 0x294
                    0x0294                  _ADCBUFA = 0x294
                    0x0296                  ADCBUFB = 0x296
                    0x0296                  _ADCBUFB = 0x296
                    0x0298                  ADCBUFC = 0x298
                    0x0298                  _ADCBUFC = 0x298
                    0x029a                  ADCBUFD = 0x29a
                    0x029a                  _ADCBUFD = 0x29a
                    0x029c                  ADCBUFE = 0x29c
                    0x029c                  _ADCBUFE = 0x29c
                    0x029e                  ADCBUFF = 0x29e
                    0x029e                  _ADCBUFF = 0x29e
                    0x02a0                  ADCON1 = 0x2a0
                    0x02a0                  _ADCON1 = 0x2a0
                    0x02a0                  _ADCON1bits = 0x2a0
                    0x02a2                  ADCON2 = 0x2a2
                    0x02a2                  _ADCON2 = 0x2a2
                    0x02a2                  _ADCON2bits = 0x2a2
                    0x02a4                  ADCON3 = 0x2a4
                    0x02a4                  _ADCON3 = 0x2a4
                    0x02a4                  _ADCON3bits = 0x2a4
                    0x02a6                  ADCHS = 0x2a6
                    0x02a6                  _ADCHS = 0x2a6
                    0x02a6                  _ADCHSbits = 0x2a6
                    0x02a8                  ADPCFG = 0x2a8
                    0x02a8                  _ADPCFG = 0x2a8
                    0x02a8                  _ADPCFGbits = 0x2a8
                    0x02aa                  ADCSSL = 0x2aa
                    0x02aa                  _ADCSSL = 0x2aa
                    0x02aa                  _ADCSSLbits = 0x2aa
                    0x02c0                  TRISA = 0x2c0
                    0x02c0                  _TRISA = 0x2c0
                    0x02c0                  _TRISAbits = 0x2c0
                    0x02c2                  PORTA = 0x2c2
                    0x02c2                  _PORTA = 0x2c2
                    0x02c2                  _PORTAbits = 0x2c2
                    0x02c4                  LATA = 0x2c4
                    0x02c4                  _LATA = 0x2c4
                    0x02c4                  _LATAbits = 0x2c4
                    0x02c6                  TRISB = 0x2c6
                    0x02c6                  _TRISB = 0x2c6
                    0x02c6                  _TRISBbits = 0x2c6
                    0x02c8                  PORTB = 0x2c8
                    0x02c8                  _PORTB = 0x2c8
                    0x02c8                  _PORTBbits = 0x2c8
                    0x02ca                  LATB = 0x2ca
                    0x02ca                  _LATB = 0x2ca
                    0x02ca                  _LATBbits = 0x2ca
                    0x02cc                  TRISC = 0x2cc
                    0x02cc                  _TRISC = 0x2cc
                    0x02cc                  _TRISCbits = 0x2cc
                    0x02ce                  PORTC = 0x2ce
                    0x02ce                  _PORTC = 0x2ce
                    0x02ce                  _PORTCbits = 0x2ce
                    0x02d0                  LATC = 0x2d0
                    0x02d0                  _LATC = 0x2d0
                    0x02d0                  _LATCbits = 0x2d0
                    0x02d2                  TRISD = 0x2d2
                    0x02d2                  _TRISD = 0x2d2
                    0x02d2                  _TRISDbits = 0x2d2
                    0x02d4                  PORTD = 0x2d4
                    0x02d4                  _PORTD = 0x2d4
                    0x02d4                  _PORTDbits = 0x2d4
                    0x02d6                  LATD = 0x2d6
                    0x02d6                  _LATD = 0x2d6
                    0x02d6                  _LATDbits = 0x2d6
                    0x02de                  TRISF = 0x2de
                    0x02de                  _TRISF = 0x2de
                    0x02de                  _TRISFbits = 0x2de
                    0x02e0                  PORTF = 0x2e0
                    0x02e0                  _PORTF = 0x2e0
                    0x02e0                  _PORTFbits = 0x2e0
                    0x02e2                  LATF = 0x2e2
                    0x02e2                  _LATF = 0x2e2
                    0x02e2                  _LATFbits = 0x2e2
                    0x0740                  RCON = 0x740
                    0x0740                  _RCON = 0x740
                    0x0740                  _RCONbits = 0x740
                    0x0742                  OSCCON = 0x742
                    0x0742                  _OSCCON = 0x742
                    0x0742                  _OSCCONbits = 0x742
                    0x0742                  OSCCONL = 0x742
                    0x0742                  _OSCCONL = 0x742
                    0x0743                  OSCCONH = 0x743
                    0x0743                  _OSCCONH = 0x743
                    0x0744                  OSCTUN = 0x744
                    0x0744                  _OSCTUN = 0x744
                    0x0744                  _OSCTUNbits = 0x744
                    0x0760                  NVMCON = 0x760
                    0x0760                  _NVMCON = 0x760
                    0x0760                  _NVMCONbits = 0x760
                    0x0762                  NVMADR = 0x762
                    0x0762                  _NVMADR = 0x762
                    0x0764                  NVMADRU = 0x764
                    0x0764                  _NVMADRU = 0x764
                    0x0764                  _NVMADRUbits = 0x764
                    0x0766                  NVMKEY = 0x766
                    0x0766                  _NVMKEY = 0x766
                    0x0770                  PMD1 = 0x770
                    0x0770                  _PMD1 = 0x770
                    0x0770                  _PMD1bits = 0x770
                    0x0772                  PMD2 = 0x772
                    0x0772                  _PMD2 = 0x772
                    0x0772                  _PMD2bits = 0x772
                    0x0022                  ACCA = 0x22
                    0x0022                  _ACCA = 0x22
                    0x0028                  ACCB = 0x28
                    0x0028                  _ACCB = 0x28
                    0x0140                  IC1 = 0x140
                    0x0140                  _IC1 = 0x140
                    0x0144                  IC2 = 0x144
                    0x0144                  _IC2 = 0x144
                    0x0180                  OC1 = 0x180
                    0x0180                  _OC1 = 0x180
                    0x0186                  OC2 = 0x186
                    0x0186                  _OC2 = 0x186
                    0x0220                  SPI1 = 0x220
                    0x0220                  _SPI1 = 0x220
                    0x020c                  UART1 = 0x20c
                    0x020c                  _UART1 = 0x20c
                    0x0216                  UART2 = 0x216
                    0x0216                  _UART2 = 0x216
                    0x0001                  __MPLAB_BUILD = 0x1
                    0x0001                  __MPLAB_DEBUG = 0x1
                    0x0001                  __MPLAB_DEBUGGER_PK3 = 0x1
                    0x0001                  __ICD2RAM = 0x1
START GROUP
LOAD c:/program files/microchip/mplabc30/v3.30c/bin/bin/../../lib\libpic30-coff.a
LOAD c:/program files/microchip/mplabc30/v3.30c/bin/bin/../../lib\libm-coff.a
LOAD c:/program files/microchip/mplabc30/v3.30c/bin/bin/../../lib\libc-coff.a
END GROUP
OUTPUT(.\src\hex\SST40 V4.0.cof coff-pic30)
LOAD FGS
LOAD data_init
LOAD default_isr

__c30_signature
                  0x000000         0xc0
 __c30_signature
                  0x000000          0x6 src\hex\DigitalIO.o
 __c30_signature
                  0x000006          0x6 src\hex\main.o
 __c30_signature
                  0x00000c          0x6 src\hex\systmr.o
 __c30_signature
                  0x000012          0x6 src\hex\task.o
 __c30_signature
                  0x000018          0x6 src\hex\sirem.o
 __c30_signature
                  0x00001e          0x6 src\hex\PARLIST.o
 __c30_signature
                  0x000024          0x6 src\hex\trace.o
 __c30_signature
                  0x00002a          0x6 src\hex\vuart.o
 __c30_signature
                  0x000030          0x6 src\hex\vADC.o
 __c30_signature
                  0x000036          0x6 src\hex\statemachine.o
 __c30_signature
                  0x00003c          0x6 src\hex\LCD.o
 __c30_signature
                  0x000042          0x6 src\hex\eeprom.o
 __c30_signature
                  0x000048          0x6 src\hex\triac_control.o
 __c30_signature
                  0x00004e          0x6 src\hex\IDENT.o
 __c30_signature
                  0x000054          0x6 src\hex\tempctrl.o
 __c30_signature
                  0x00005a          0x6 src\hex\measure.o
 __c30_signature
                  0x000060          0x6 src\hex\traps.o
 __c30_signature
                  0x000066          0x6 c:/program files/microchip/mplabc30/v3.30c/bin/bin/../../lib\libpic30-coff.a(crt0_standard.o)
 __c30_signature
                  0x00006c          0x6 c:/program files/microchip/mplabc30/v3.30c/bin/bin/../../lib\libpic30-coff.a(eedata_helper.o)
 __c30_signature
                  0x000072          0x6 c:/program files/microchip/mplabc30/v3.30c/bin/bin/../../lib\libpic30-coff.a(memcpy_helper.o)
 __c30_signature
                  0x000078          0x6 c:/program files/microchip/mplabc30/v3.30c/bin/bin/../../lib\libpic30-coff.a(data_init_standard.o)
 __c30_signature
                  0x00007e          0x6 c:/program files/microchip/mplabc30/v3.30c/bin/bin/../../lib\libm-coff.a(floatsisf.o)
 __c30_signature
                  0x000084          0x6 c:/program files/microchip/mplabc30/v3.30c/bin/bin/../../lib\libm-coff.a(addsf3.o)
 __c30_signature
                  0x00008a          0x6 c:/program files/microchip/mplabc30/v3.30c/bin/bin/../../lib\libm-coff.a(mulsf3.o)
 __c30_signature
                  0x000090          0x6 c:/program files/microchip/mplabc30/v3.30c/bin/bin/../../lib\libm-coff.a(divsf3.o)
 __c30_signature
                  0x000096          0x6 c:/program files/microchip/mplabc30/v3.30c/bin/bin/../../lib\libm-coff.a(fixunssfsi.o)
 __c30_signature
                  0x00009c          0x6 c:/program files/microchip/mplabc30/v3.30c/bin/bin/../../lib\libm-coff.a(udivsi3.o)
 __c30_signature
                  0x0000a2          0x6 c:/program files/microchip/mplabc30/v3.30c/bin/bin/../../lib\libm-coff.a(fpack.o)
 __c30_signature
                  0x0000a8          0x6 c:/program files/microchip/mplabc30/v3.30c/bin/bin/../../lib\libm-coff.a(funpack2.o)
 __c30_signature
                  0x0000ae          0x6 c:/program files/microchip/mplabc30/v3.30c/bin/bin/../../lib\libm-coff.a(futil.o)
 __c30_signature
                  0x0000b4          0x6 c:/program files/microchip/mplabc30/v3.30c/bin/bin/../../lib\libm-coff.a(funpack.o)
 __c30_signature
                  0x0000ba          0x6 c:/program files/microchip/mplabc30/v3.30c/bin/bin/../../lib\libc-coff.a(strlen.XXo)

_01975f5050c8fdd5
                    0x0850        0x4b4
 _01975f5050c8fdd5
                    0x0850        0x4b4 src\hex\trace.o
                    0x0850                  TRSB

.nbss               0x0d04        0x118
 .nbss              0x0d04         0x54 src\hex\tempctrl.o
                    0x0d0a                  T_ctrl
                    0x0d28                  pid
                    0x0d40                  brs
                    0x0d48                  overprot
                    0x0d54                  tmpctrl_mainstate
                    0x0d56                  tmpctrl_nextstate
 .nbss              0x0d58         0x2c src\hex\task.o
                    0x0d62                  stat_stat
                    0x0d76                  Ttime
                    0x0d82                  TASK_CONTROL
 .nbss              0x0d84         0x2c src\hex\sirem.o
 .nbss              0x0db0         0x26 src\hex\measure.o
                    0x0db0                  mes1
                    0x0dba                  mes2
                    0x0dc4                  mespar
 .nbss              0x0dd6         0x24 src\hex\trace.o
                    0x0dd8                  trace_state
                    0x0dda                  trace_control
                    0x0ddc                  STORE_POS
                    0x0dde                  trace_counter
                    0x0de0                  trace_trigger
                    0x0de2                  par_trace
                    0x0dee                  trace_config
                    0x0df0                  trace_every_period
                    0x0df2                  u16TraceParamNumber_1
                    0x0df4                  u16TraceParamNumber_2
                    0x0df6                  u16CompareParameter
                    0x0df8                  s16CmpValue
 .nbss              0x0dfa         0x22 src\hex\IDENT.o
                    0x0dfe                  ident

.ndata              0x0e1c         0x1c
 .ndata             0x0e1c         0x1c src\hex\trace.o
                    0x0e1c                  trace_source_addr

.nbss               0x0e38         0x58
 .nbss              0x0e38         0x1a src\hex\statemachine.o
                    0x0e46                  SYS_CONTROL
                    0x0e48                  PC_CONTROL
                    0x0e4a                  ERR_CONTROL
                    0x0e4c                  mainstate_T2
                    0x0e4e                  mainstate_T1
                    0x0e50                  LCD_update_rate
 .nbss              0x0e52         0x16 src\hex\eeprom.o
                    0x0e5a                  EE_CHKS
                    0x0e5c                  EE_Valid
                    0x0e5e                  EE_par_update
                    0x0e60                  ParamAct
 .nbss              0x0e68         0x10 src\hex\vuart.o
 .nbss              0x0e78          0xc src\hex\DigitalIO.o
                    0x0e7a                  debounce_timer_2
                    0x0e7c                  deb_timer_cart
                    0x0e7e                  deb_timer_stand
                    0x0e80                  deb_timer_extr
                    0x0e82                  cart_det_state
 .nbss              0x0e84          0x8 src\hex\systmr.o
                    0x0e84                  time
 .nbss              0x0e8c          0x4 src\hex\vADC.o
                    0x0e8c                  ADC

.ndata              0x0e90          0x2
 .ndata             0x0e90          0x2 src\hex\task.o

.nbss               0x0e92          0x6
 .nbss              0x0e92          0x2 src\hex\PARLIST.o
                    0x0e92                  release
 .nbss              0x0e94          0x2 src\hex\LCD.o
                    0x0e94                  u16Nibble_Temp
 .nbss              0x0e96          0x2 src\hex\triac_control.o

.const              0x8520        0xfa2 load address 0x000520  
 .const             0x8520        0xeaa src\hex\PARLIST.o
                    0x8520                  version
                    0x8522                  C30_Version
                    0x8a62                  iopar
 .const             0x93ca         0xaa src\hex\statemachine.o
 .const             0x9474         0x36 src\hex\traps.o
 .const             0x94aa         0x14 src\hex\main.o
 .const             0x94be          0x4 src\hex\LCD.o
                    0x94be                  LCD_INIT_STRING

.text             0x0014c2       0x1fc4
 .text            0x0014c2        0x5ae src\hex\statemachine.o
                  0x0014c2                  state_machine_T1
                  0x0016dc                  state_machine_T2
                  0x0019d0                  state_machine_init
                  0x0019e4                  stm_timer_T2
                  0x0019fe                  stm_timer_II_T2
                  0x001a18                  stm_timer_T1
                  0x001a32                  PrintHibernationTime
 .text            0x001a70        0x554 src\hex\sirem.o
                  0x001a70                  Sirem_Engine
 .text            0x001fc4        0x522 src\hex\eeprom.o
                  0x002194                  ee_param_act
                  0x00245a                  EE_CheckEEprom
 .text            0x0024e6        0x28e src\hex\tempctrl.o
                  0x0024e6                  temp_ctrl
                  0x00261c                  Reset_TMPCTRL
                  0x00262c                  PID
                  0x0026c8                  Reset_PID
                  0x0026d8                  Cartridge_overload_protection
                  0x002712                  temp_ctrl_init
                  0x00271e                  Get_Temp_Actual
                  0x00272e                  Set_User_Temp
                  0x002734                  Roll_Back_User_Temp
                  0x00273a                  Get_User_Temp
                  0x00273e                  Inc_User_Temp
                  0x00274c                  Dec_User_Temp
                  0x00275a                  tmpctrl_timer_t1
 .text            0x002774        0x246 src\hex\IDENT.o
                  0x002774                  cartridge_ident
                  0x00292c                  bresenham
                  0x002986                  ident_timer_t1
                  0x0029a0                  ident_timeout_timer_t1
 .text            0x0029ba        0x1cc src\hex\DigitalIO.o
                  0x0029ba                  IF_DigitalIO_Init
                  0x002a12                  Dio_Scan_T2
                  0x002a90                  cart_stat_det
                  0x002b6c                  cart_stat_timer_T1
 .text            0x002b86        0x1b2 src\hex\LCD.o
                  0x002b86                  IF_LCDInit
                  0x002bb8                  IF_LCDPutc
                  0x002bea                  IF_LCDGotoXY
                  0x002c02                  IF_LCDPuts
                  0x002c1a                  IF_LCDPutn
                  0x002c9e                  IF_LCD_UpdateState
                  0x002cb0                  LCDSendNibble
                  0x002d0a                  LCDSendByte
 .text            0x002d38        0x178 src\hex\vuart.o
                  0x002d38                  IF_Uart_Init
                  0x002dbc                  IF_Uart_MsgGetDataCnt
                  0x002dc8                  IF_Uart_MsgGet
                  0x002dee                  IF_Uart_RxPurge
                  0x002dfa                  IF_Uart_MsgPut
                  0x002e22                  IF_UART_PutByte
                  0x002e3c                  _U1RXInterrupt
                  0x002e9a                  sci_timer
 .text            0x002eb0        0x142 src\hex\task.o
                  0x002eb0                  _T3Interrupt
                  0x002eec                  _T1Interrupt
                  0x002f22                  _INT0Interrupt
                  0x002f26                  TaskTimesCalc
                  0x002f3a                  StationStatistic
 .text            0x002ff2        0x118 src\hex\systmr.o
                  0x002ff2                  IF_SysTmr1_Init
                  0x003018                  IF_SysTmr3_Init
                  0x00303c                  IF_SysTmr2_Init
                  0x003060                  delay_us
                  0x003096                  delay_ms
                  0x0030cc                  Timestate_Cartridge_Control
 .text            0x00310a        0x116 src\hex\trace.o
                  0x00310a                  IF_Get_TRSB_CntBytes
                  0x00310e                  do_trace
                  0x0031da                  Clear_Trace_Array
                  0x0031fa                  trace_init_first
 .text            0x003220         0xe2 src\hex\measure.o
                  0x003220                  zero_cross_II
                  0x003250                  DC_Autotunning
                  0x003298                  Current_measure
                  0x0032d0                  measure_T2
                  0x0032fc                  measure_init
 .text            0x003302         0xcc src\hex\main.o
                  0x003302                  main
 .text            0x0033ce         0xb8 src\hex\PARLIST.o
                  0x0033ce                  IF_Parlist_GetCntMembers
                  0x0033d2                  IF_Parlist_GetCntBytes
                  0x0033d6                  IF_Parlist_bnu
                  0x003400                  Params_check_limit
                  0x003484                  Params_Conversion

.dinit            0x003486         0x84
 .dinit           0x003486         0x84 data_init

.text             0x00350a         0xe0
 .text            0x00350a         0x6c src\hex\vADC.o
                  0x00350a                  IF_ADC_INIT
                  0x003560                  ADC_Sample_Read
 .text            0x003576         0x58 src\hex\traps.o
                  0x003576                  _OscillatorFail
                  0x00358c                  _AddressError
                  0x0035a2                  _StackError
                  0x0035b8                  _MathError
 .text            0x0035ce         0x1c src\hex\triac_control.o
                  0x0035ce                  triac_fire_timer
                  0x0035e4                  triac_control_init

_01b4e23050c8fdd7
                    0xfc00        0x400 load address 0x7ffc00  
 _01b4e23050c8fdd7
                    0xfc00        0x400 src\hex\eeprom.o
