Microchip Technology Inc, vv3_31 (A) Æ

Tool Name:
  c:\program files (x86)\microchip\mplab c30\bin\bin\..\bin/pic30-elf-ld.exe

Command:
  -p30F3014 \
  -o \
  dist/default/production/SST40_V4.0.X.production.elf \
  -Lc:/program files (x86)/microchip/mplab c30/bin/bin/.. \
  -Lc:/program files (x86)/microchip/mplab c30/bin/bin/../../lib \
  -Lc:/program files (x86)/microchip/mplab c30/bin/bin/../../lib/PIC24E \
  -Lc:/program files (x86)/microchip/mplab c30/bin/bin/../../support/PIC24E/gld \
  -Lc:/program files (x86)/microchip/mplab c30/bin/bin/../../lib/PIC24F \
  -Lc:/program files (x86)/microchip/mplab c30/bin/bin/../../support/PIC24F/gld \
  -Lc:/program files (x86)/microchip/mplab c30/bin/bin/../../lib/PIC24H \
  -Lc:/program files (x86)/microchip/mplab c30/bin/bin/../../support/PIC24H/gld \
  -Lc:/program files (x86)/microchip/mplab c30/bin/bin/../../lib/dsPIC30F \
  -Lc:/program files (x86)/microchip/mplab c30/bin/bin/../../support/dsPIC30F/gld \
  -Lc:/program files (x86)/microchip/mplab c30/bin/bin/../../lib/dsPIC33E \
  -Lc:/program files (x86)/microchip/mplab c30/bin/bin/../../support/dsPIC33E/gld \
  -Lc:/program files (x86)/microchip/mplab c30/bin/bin/../../lib/dsPIC33F \
  -Lc:/program files (x86)/microchip/mplab c30/bin/bin/../../support/dsPIC33F/gld \
  build/default/production/_ext/1360937237/DigitalIO.o \
  build/default/production/_ext/1360937237/main.o \
  build/default/production/_ext/1360937237/systmr.o \
  build/default/production/_ext/1360937237/task.o \
  build/default/production/_ext/1360937237/sirem.o \
  build/default/production/_ext/1360937237/PARLIST.o \
  build/default/production/_ext/1360937237/trace.o \
  build/default/production/_ext/1360937237/vuart.o \
  build/default/production/_ext/1360937237/vADC.o \
  build/default/production/_ext/1360937237/statemachine.o \
  build/default/production/_ext/1360937237/LCD.o \
  build/default/production/_ext/1360937237/eeprom.o \
  build/default/production/_ext/1360937237/triac_control.o \
  build/default/production/_ext/1360937237/IDENT.o \
  build/default/production/_ext/1360937237/tempctrl.o \
  build/default/production/_ext/1360937237/measure.o \
  build/default/production/_ext/1360937237/traps.o \
  --defsym=__MPLAB_BUILD=1 \
  -L.. \
  -L. \
  -Map=dist/default/production/SST40_V4.0.X.production.map \
  --report-mem \
  -Tp30F3014.gld.00 \
  -start-group \
  --library=pic30-elf \
  --library=m-elf \
  --library=c-elf \
  -end-group \

Archive member included because of file (symbol)

c:/program files (x86)/microchip/mplab c30/bin/bin/../../lib\libpic30-elf.a(crt0_standard.o)
                              (__resetPRI)
c:/program files (x86)/microchip/mplab c30/bin/bin/../../lib\libpic30-elf.a(data_init_standard.o)
                              c:/program files (x86)/microchip/mplab c30/bin/bin/../../lib\libpic30-elf.a(crt0_standard.o) (__data_init_standard)
c:/program files (x86)/microchip/mplab c30/bin/bin/../../lib\libpic30-elf.a(eedata_helper.eo)
                              build/default/production/_ext/1360937237/eeprom.o (__eedata_helper1)
c:/program files (x86)/microchip/mplab c30/bin/bin/../../lib\libpic30-elf.a(memcpy_helper.eo)
                              build/default/production/_ext/1360937237/eeprom.o (__memcpy_helper)
c:/program files (x86)/microchip/mplab c30/bin/bin/../../lib\libm-elf.a(addsf3.eo)
                              build/default/production/_ext/1360937237/vuart.o (___subsf3)
c:/program files (x86)/microchip/mplab c30/bin/bin/../../lib\libm-elf.a(divsf3.eo)
                              build/default/production/_ext/1360937237/vuart.o (___divsf3)
c:/program files (x86)/microchip/mplab c30/bin/bin/../../lib\libm-elf.a(fixunssfsi.eo)
                              build/default/production/_ext/1360937237/vuart.o (___fixunssfsi)
c:/program files (x86)/microchip/mplab c30/bin/bin/../../lib\libm-elf.a(floatsisf.eo)
                              build/default/production/_ext/1360937237/vuart.o (___floatsisf)
c:/program files (x86)/microchip/mplab c30/bin/bin/../../lib\libm-elf.a(fpack.eo)
                              c:/program files (x86)/microchip/mplab c30/bin/bin/../../lib\libm-elf.a(addsf3.eo) (__fpack)
c:/program files (x86)/microchip/mplab c30/bin/bin/../../lib\libm-elf.a(funpack.eo)
                              c:/program files (x86)/microchip/mplab c30/bin/bin/../../lib\libm-elf.a(fixunssfsi.eo) (__funpack)
c:/program files (x86)/microchip/mplab c30/bin/bin/../../lib\libm-elf.a(funpack2.eo)
                              c:/program files (x86)/microchip/mplab c30/bin/bin/../../lib\libm-elf.a(addsf3.eo) (__funpack2)
c:/program files (x86)/microchip/mplab c30/bin/bin/../../lib\libm-elf.a(futil.eo)
                              c:/program files (x86)/microchip/mplab c30/bin/bin/../../lib\libm-elf.a(addsf3.eo) (__fPropagateNaN)
c:/program files (x86)/microchip/mplab c30/bin/bin/../../lib\libm-elf.a(mulsf3.eo)
[...]
Memory Configuration

Name             Origin             Length             Attributes
data             0x000800           0x000800           a !xr
reset            0x000000           0x000004  
ivt              0x000004           0x00007c  
_reserved        0x000080           0x000004  
aivt             0x000084           0x00007c  
program          0x000100           0x003efe           xr
eedata           0x7ffc00           0x000400  
FUID0            0x8005c0           0x000002  
FUID1            0x8005c2           0x000002  
FUID2            0x8005c4           0x000002  
FUID3            0x8005c6           0x000002  
FOSC             0xf80000           0x000002  
FWDT             0xf80002           0x000002  
FBORPOR          0xf80004           0x000002  
RESERVED1        0xf80006           0x000002  
RESERVED2        0xf80008           0x000002  
FGS              0xf8000a           0x000002  
FICD             0xf8000c           0x000002  
*default*        0x000000           0xffffffff  

Linker script and memory map

LOAD build/default/production/_ext/1360937237/DigitalIO.o
LOAD build/default/production/_ext/1360937237/main.o
LOAD build/default/production/_ext/1360937237/systmr.o
LOAD build/default/production/_ext/1360937237/task.o
LOAD build/default/production/_ext/1360937237/sirem.o
LOAD build/default/production/_ext/1360937237/PARLIST.o
LOAD build/default/production/_ext/1360937237/trace.o
LOAD build/default/production/_ext/1360937237/vuart.o
LOAD build/default/production/_ext/1360937237/vADC.o
LOAD build/default/production/_ext/1360937237/statemachine.o
LOAD build/default/production/_ext/1360937237/LCD.o
LOAD build/default/production/_ext/1360937237/eeprom.o
LOAD build/default/production/_ext/1360937237/triac_control.o
LOAD build/default/production/_ext/1360937237/IDENT.o
LOAD build/default/production/_ext/1360937237/tempctrl.o
LOAD build/default/production/_ext/1360937237/measure.o
LOAD build/default/production/_ext/1360937237/traps.o
                    0x0001                  __MPLAB_BUILD = 0x1
LOAD c:/program files (x86)/microchip/mplab c30/bin/bin/../../lib/dsPIC30F\libp30F3014-elf.a
                    0x8005c0                  __FUID0 = 0x8005c0
                    0x8005c2                  __FUID1 = 0x8005c2
                    0x8005c4                  __FUID2 = 0x8005c4
                    0x8005c6                  __FUID3 = 0x8005c6
                    0xf80000                  __FOSC = 0xf80000
                    0xf80002                  __FWDT = 0xf80002
                    0xf80004                  __FBORPOR = 0xf80004
                    0xf80006                  __RESERVED1 = 0xf80006
                    0xf80008                  __RESERVED2 = 0xf80008
                    0xf8000a                  __FGS = 0xf8000a
                    0xf8000c                  __FICD = 0xf8000c
                    0x0001                  __NO_HANDLES = 0x1
                    0x0004                  __IVT_BASE = 0x4
                    0x0084                  __AIVT_BASE = 0x84
                    0x0800                  __DATA_BASE = 0x800
                    0x0800                  __DATA_LENGTH = 0x800
                    0x0c00                  __YDATA_BASE = 0xc00
                    0x0100                  __CODE_BASE = 0x100
                    0x3f00                  __CODE_LENGTH = 0x3f00

.reset            0x000000          0x4
                  0x000000          0x2 SHORT 0x100 ABSOLUTE (__reset)
                  0x000001          0x2 SHORT 0x4
                  0x000002          0x2 SHORT 0x0 ((ABSOLUTE (__reset) >> 0x10) & 0x7f)
                  0x000003          0x2 SHORT 0x0

.text             0x000100        0x420
 *(.init)
 .init            0x000100         0x32 c:/program files (x86)/microchip/mplab c30/bin/bin/../../lib\libpic30-elf.a(crt0_standard.o)
                  0x000100                  __resetPRI
                  0x000100                  __reset
                  0x000122                  __psv_init
 .init            0x000132         0x5e c:/program files (x86)/microchip/mplab c30/bin/bin/../../lib\libpic30-elf.a(data_init_standard.o)
                  0x000132                  __data_init_standard
                  0x000132                  __data_init
 *(.user_init)
 *(.handle)
 *(.isr*)
 .isr             0x000190          0x4 default_isr
                  0x000190                  __DefaultInterrupt
 *(.libc)
 *(.libm)
 *(.libdsp)
 *(.lib*)
 .libc.eedata_helper1234
                  0x000194         0x50 c:/program files (x86)/microchip/mplab c30/bin/bin/../../lib\libpic30-elf.a(eedata_helper.eo)
                  0x000194                  __eedata_helper1
                  0x0001be                  __eedata_helper2
                  0x0001c6                  __eedata_helper3
                  0x0001d2                  __eedata_helper4
 .libc.memcpy_helper
                  0x0001e4         0x36 c:/program files (x86)/microchip/mplab c30/bin/bin/../../lib\libpic30-elf.a(memcpy_helper.eo)
                  0x0001e4                  __memcpy_helper
 .libm.subsf3     0x00021a         0xbc c:/program files (x86)/microchip/mplab c30/bin/bin/../../lib\libm-elf.a(addsf3.eo)
                  0x00021a                  ___subsf3
                  0x00021c                  ___addsf3
 .libm.divfs3     0x0002d6         0x84 c:/program files (x86)/microchip/mplab c30/bin/bin/../../lib\libm-elf.a(divsf3.eo)
                  0x0002d6                  ___divsf3
 .libm.fixunssfsi
                  0x00035a         0x36 c:/program files (x86)/microchip/mplab c30/bin/bin/../../lib\libm-elf.a(fixunssfsi.eo)
                  0x00035a                  ___fixunssfsi
 .libm.floatsisf
                  0x000390         0x56 c:/program files (x86)/microchip/mplab c30/bin/bin/../../lib\libm-elf.a(floatsisf.eo)
                  0x000390                  ___floatsisf
 .libm.fpack      0x0003e6         0x4c c:/program files (x86)/microchip/mplab c30/bin/bin/../../lib\libm-elf.a(fpack.eo)
                  0x0003e6                  __fpack
 .libm.funpack    0x000432         0x2a c:/program files (x86)/microchip/mplab c30/bin/bin/../../lib\libm-elf.a(funpack.eo)
                  0x000432                  __funpack
 .libm.funpack2
                  0x00045c         0x10 c:/program files (x86)/microchip/mplab c30/bin/bin/../../lib\libm-elf.a(funpack2.eo)
                  0x00045c                  __funpack2
 .libm.fPropagateNaN
                  0x00046c         0x12 c:/program files (x86)/microchip/mplab c30/bin/bin/../../lib\libm-elf.a(futil.eo)
                  0x00046c                  __fPropagateNaN
 .libm.fbobExit
                  0x00047e          0x8 c:/program files (x86)/microchip/mplab c30/bin/bin/../../lib\libm-elf.a(futil.eo)
                  0x00047e                  __fbopExit
 .libm.fbopReturnNaN
                  0x000486          0x6 c:/program files (x86)/microchip/mplab c30/bin/bin/../../lib\libm-elf.a(futil.eo)
                  0x000486                  __fbopReturnNaN
 .libm.mulsf3     0x00048c         0x68 c:/program files (x86)/microchip/mplab c30/bin/bin/../../lib\libm-elf.a(mulsf3.eo)
                  0x00048c                  ___mulsf3
 .libm.udivsi3    0x0004f4         0x20 c:/program files (x86)/microchip/mplab c30/bin/bin/../../lib\libm-elf.a(udivsi3.eo)
                  0x0004f4                  ___udivsi3
 .libc.strlen     0x000514          0xc c:/program files (x86)/microchip/mplab c30/bin/bin/../../lib\libc-elf.a(strlen.XXeo)
                  0x000514                  _strlen

usercode
 *(usercode)

__FUID0
 *(__FUID0.sec*)

__FUID1
 *(__FUID1.sec*)

__FUID2
 *(__FUID2.sec*)

__FUID3
 *(__FUID3.sec*)

__FOSC            0xf80000          0x2
 *(__FOSC.sec*)
 __FOSC.sec       0xf80000          0x2 build/default/production/_ext/1360937237/main.o

__FWDT            0xf80002          0x2
 *(__FWDT.sec*)
 __FWDT.sec       0xf80002          0x2 build/default/production/_ext/1360937237/main.o

__FBORPOR         0xf80004          0x2
 *(__FBORPOR.sec*)
 __FBORPOR.sec    0xf80004          0x2 build/default/production/_ext/1360937237/main.o

__RESERVED1
 *(__RESERVED1.sec*)

__RESERVED2
 *(__RESERVED2.sec*)

__FGS             0xf8000a          0x2
 *(__FGS.sec*)
 __FGS.sec        0xf8000a          0x2 FGS
                  0xf8000a                  __FGS.sec

__FICD
 *(__FICD.sec*)

user_eedata
 *(user_eedata)

userdata
 *(userdata)

.comment
 *(.comment)

.debug_info       0x000000       0x9483
 *(.debug_info)
 .debug_info      0x000000        0xf78 build/default/production/_ext/1360937237/DigitalIO.o
 .debug_info      0x000f78        0x692 build/default/production/_ext/1360937237/main.o
 .debug_info      0x00160a        0x934 build/default/production/_ext/1360937237/systmr.o
 .debug_info      0x001f3e        0x781 build/default/production/_ext/1360937237/task.o
 .debug_info      0x0026bf        0xd87 build/default/production/_ext/1360937237/sirem.o
 .debug_info      0x003446        0xf83 build/default/production/_ext/1360937237/PARLIST.o
 .debug_info      0x0043c9        0x99d build/default/production/_ext/1360937237/trace.o
 .debug_info      0x004d66        0x9e1 build/default/production/_ext/1360937237/vuart.o
 .debug_info      0x005747        0x768 build/default/production/_ext/1360937237/vADC.o
 .debug_info      0x005eaf        0x5ad build/default/production/_ext/1360937237/statemachine.o
 .debug_info      0x00645c        0x69d build/default/production/_ext/1360937237/LCD.o
 .debug_info      0x006af9        0x966 build/default/production/_ext/1360937237/eeprom.o
 .debug_info      0x00745f        0x257 build/default/production/_ext/1360937237/triac_control.o
 .debug_info      0x0076b6        0x79e build/default/production/_ext/1360937237/IDENT.o
 .debug_info      0x007e54        0x9e7 build/default/production/_ext/1360937237/tempctrl.o
 .debug_info      0x00883b        0x9e1 build/default/production/_ext/1360937237/measure.o
 .debug_info      0x00921c        0x267 build/default/production/_ext/1360937237/traps.o
 *(.gnu.linkonce.wi.*)

.debug_abbrev     0x000000       0x151a
 *(.debug_abbrev)
 .debug_abbrev    0x000000        0x107 build/default/production/_ext/1360937237/DigitalIO.o
 .debug_abbrev    0x000107        0x123 build/default/production/_ext/1360937237/main.o
 .debug_abbrev    0x00022a        0x10e build/default/production/_ext/1360937237/systmr.o
 .debug_abbrev    0x000338        0x14a build/default/production/_ext/1360937237/task.o
 .debug_abbrev    0x000482        0x1b0 build/default/production/_ext/1360937237/sirem.o
 .debug_abbrev    0x000632        0x121 build/default/production/_ext/1360937237/PARLIST.o
 .debug_abbrev    0x000753         0xf4 build/default/production/_ext/1360937237/trace.o
 .debug_abbrev    0x000847        0x187 build/default/production/_ext/1360937237/vuart.o
 .debug_abbrev    0x0009ce         0xb8 build/default/production/_ext/1360937237/vADC.o
 .debug_abbrev    0x000a86        0x142 build/default/production/_ext/1360937237/statemachine.o
 .debug_abbrev    0x000bc8        0x12a build/default/production/_ext/1360937237/LCD.o
 .debug_abbrev    0x000cf2        0x200 build/default/production/_ext/1360937237/eeprom.o
 .debug_abbrev    0x000ef2         0xaa build/default/production/_ext/1360937237/triac_control.o
 .debug_abbrev    0x000f9c        0x194 build/default/production/_ext/1360937237/IDENT.o
 .debug_abbrev    0x001130        0x1f2 build/default/production/_ext/1360937237/tempctrl.o
 .debug_abbrev    0x001322        0x17b build/default/production/_ext/1360937237/measure.o
 .debug_abbrev    0x00149d         0x7d build/default/production/_ext/1360937237/traps.o

.debug_line       0x000000       0x3c6a
 *(.debug_line)
 .debug_line      0x000000        0x3ef build/default/production/_ext/1360937237/DigitalIO.o
 .debug_line      0x0003ef        0x287 build/default/production/_ext/1360937237/main.o
 .debug_line      0x000676        0x256 build/default/production/_ext/1360937237/systmr.o
 .debug_line      0x0008cc        0x2ef build/default/production/_ext/1360937237/task.o
 .debug_line      0x000bbb        0x7bd build/default/production/_ext/1360937237/sirem.o
 .debug_line      0x001378        0x1f8 build/default/production/_ext/1360937237/PARLIST.o
 .debug_line      0x001570        0x30b build/default/production/_ext/1360937237/trace.o
 .debug_line      0x00187b        0x305 build/default/production/_ext/1360937237/vuart.o
 .debug_line      0x001b80        0x167 build/default/production/_ext/1360937237/vADC.o
 .debug_line      0x001ce7        0x962 build/default/production/_ext/1360937237/statemachine.o
 .debug_line      0x002649        0x2c1 build/default/production/_ext/1360937237/LCD.o
 .debug_line      0x00290a        0x717 build/default/production/_ext/1360937237/eeprom.o
 .debug_line      0x003021         0xf6 build/default/production/_ext/1360937237/triac_control.o
 .debug_line      0x003117        0x381 build/default/production/_ext/1360937237/IDENT.o
 .debug_line      0x003498        0x49f build/default/production/_ext/1360937237/tempctrl.o
 .debug_line      0x003937        0x252 build/default/production/_ext/1360937237/measure.o
 .debug_line      0x003b89         0xe1 build/default/production/_ext/1360937237/traps.o

.debug_frame      0x000000        0x7d7
 *(.debug_frame)
 .debug_frame     0x000000         0x57 build/default/production/_ext/1360937237/DigitalIO.o
 .debug_frame     0x000057         0x27 build/default/production/_ext/1360937237/main.o
 .debug_frame     0x00007e         0x77 build/default/production/_ext/1360937237/systmr.o
 .debug_frame     0x0000f5         0x67 build/default/production/_ext/1360937237/task.o
 .debug_frame     0x00015c         0xc7 build/default/production/_ext/1360937237/sirem.o
 .debug_frame     0x000223         0x67 build/default/production/_ext/1360937237/PARLIST.o
 .debug_frame     0x00028a         0x57 build/default/production/_ext/1360937237/trace.o
 .debug_frame     0x0002e1         0x97 build/default/production/_ext/1360937237/vuart.o
 .debug_frame     0x000378         0x37 build/default/production/_ext/1360937237/vADC.o
 .debug_frame     0x0003af         0x87 build/default/production/_ext/1360937237/statemachine.o
 .debug_frame     0x000436         0x97 build/default/production/_ext/1360937237/LCD.o
 .debug_frame     0x0004cd         0xc7 build/default/production/_ext/1360937237/eeprom.o
 .debug_frame     0x000594         0x37 build/default/production/_ext/1360937237/triac_control.o
 .debug_frame     0x0005cb         0x57 build/default/production/_ext/1360937237/IDENT.o
 .debug_frame     0x000622         0xe7 build/default/production/_ext/1360937237/tempctrl.o
 .debug_frame     0x000709         0x77 build/default/production/_ext/1360937237/measure.o
 .debug_frame     0x000780         0x57 build/default/production/_ext/1360937237/traps.o

.debug_str        0x000000        0x134
 *(.debug_str)
 .debug_str       0x000000         0x17 build/default/production/_ext/1360937237/main.o
 .debug_str       0x000017          0xd build/default/production/_ext/1360937237/task.o
 .debug_str       0x000024         0x53 build/default/production/_ext/1360937237/sirem.o
 .debug_str       0x000077          0xd build/default/production/_ext/1360937237/PARLIST.o
 .debug_str       0x000084          0xd build/default/production/_ext/1360937237/trace.o
 .debug_str       0x000091         0x17 build/default/production/_ext/1360937237/vuart.o
 .debug_str       0x0000a8          0xd build/default/production/_ext/1360937237/vADC.o
 .debug_str       0x0000b5          0xd build/default/production/_ext/1360937237/statemachine.o
 .debug_str       0x0000c2          0xd build/default/production/_ext/1360937237/LCD.o
 .debug_str       0x0000cf         0x3b build/default/production/_ext/1360937237/eeprom.o
 .debug_str       0x00010a         0x1d build/default/production/_ext/1360937237/IDENT.o
 .debug_str       0x000127          0xd build/default/production/_ext/1360937237/tempctrl.o

.debug_loc
 *(.debug_loc)

.debug_macinfo
 *(.debug_macinfo)

.debug_pubnames
                  0x000000        0xa93
 *(.debug_pubnames)
 .debug_pubnames
                  0x000000         0xc3 build/default/production/_ext/1360937237/DigitalIO.o
 .debug_pubnames
                  0x0000c3         0x45 build/default/production/_ext/1360937237/main.o
 .debug_pubnames
                  0x000108         0x91 build/default/production/_ext/1360937237/systmr.o
 .debug_pubnames
                  0x000199         0x97 build/default/production/_ext/1360937237/task.o
 .debug_pubnames
                  0x000230         0x23 build/default/production/_ext/1360937237/sirem.o
 .debug_pubnames
                  0x000253         0xbc build/default/production/_ext/1360937237/PARLIST.o
 .debug_pubnames
                  0x00030f        0x168 build/default/production/_ext/1360937237/trace.o
 .debug_pubnames
                  0x000477         0xac build/default/production/_ext/1360937237/vuart.o
 .debug_pubnames
                  0x000523         0x3e build/default/production/_ext/1360937237/vADC.o
 .debug_pubnames
                  0x000561        0x107 build/default/production/_ext/1360937237/statemachine.o
 .debug_pubnames
                  0x000668         0xbf build/default/production/_ext/1360937237/LCD.o
 .debug_pubnames
                  0x000727         0x6e build/default/production/_ext/1360937237/eeprom.o
 .debug_pubnames
                  0x000795         0x3e build/default/production/_ext/1360937237/triac_control.o
 .debug_pubnames
                  0x0007d3         0x6c build/default/production/_ext/1360937237/IDENT.o
 .debug_pubnames
                  0x00083f        0x15a build/default/production/_ext/1360937237/tempctrl.o
 .debug_pubnames
                  0x000999         0xa3 build/default/production/_ext/1360937237/measure.o
 .debug_pubnames
                  0x000a3c         0x57 build/default/production/_ext/1360937237/traps.o

.debug_ranges
 *(.debug_ranges)

.debug_aranges    0x000000        0x220
 *(.debug_aranges)
 .debug_aranges
                  0x000000         0x20 build/default/production/_ext/1360937237/DigitalIO.o
 .debug_aranges
                  0x000020         0x20 build/default/production/_ext/1360937237/main.o
 .debug_aranges
                  0x000040         0x20 build/default/production/_ext/1360937237/systmr.o
 .debug_aranges
                  0x000060         0x20 build/default/production/_ext/1360937237/task.o
 .debug_aranges
                  0x000080         0x20 build/default/production/_ext/1360937237/sirem.o
 .debug_aranges
                  0x0000a0         0x20 build/default/production/_ext/1360937237/PARLIST.o
 .debug_aranges
                  0x0000c0         0x20 build/default/production/_ext/1360937237/trace.o
 .debug_aranges
                  0x0000e0         0x20 build/default/production/_ext/1360937237/vuart.o
 .debug_aranges
                  0x000100         0x20 build/default/production/_ext/1360937237/vADC.o
 .debug_aranges
                  0x000120         0x20 build/default/production/_ext/1360937237/statemachine.o
 .debug_aranges
                  0x000140         0x20 build/default/production/_ext/1360937237/LCD.o
 .debug_aranges
                  0x000160         0x20 build/default/production/_ext/1360937237/eeprom.o
 .debug_aranges
                  0x000180         0x20 build/default/production/_ext/1360937237/triac_control.o
 .debug_aranges
                  0x0001a0         0x20 build/default/production/_ext/1360937237/IDENT.o
 .debug_aranges
                  0x0001c0         0x20 build/default/production/_ext/1360937237/tempctrl.o
 .debug_aranges
                  0x0001e0         0x20 build/default/production/_ext/1360937237/measure.o
 .debug_aranges
                  0x000200         0x20 build/default/production/_ext/1360937237/traps.o

.ivt              0x000004         0x7c
                  0x000004          0x4 LONG 0x190 DEFINED (__ReservedTrap0)?ABSOLUTE (__ReservedTrap0):ABSOLUTE (__DefaultInterrupt)
                  0x000006          0x4 LONG 0x3506 DEFINED (__OscillatorFail)?ABSOLUTE (__OscillatorFail):ABSOLUTE (__DefaultInterrupt)
                  0x000008          0x4 LONG 0x351c DEFINED (__AddressError)?ABSOLUTE (__AddressError):ABSOLUTE (__DefaultInterrupt)
                  0x00000a          0x4 LONG 0x3532 DEFINED (__StackError)?ABSOLUTE (__StackError):ABSOLUTE (__DefaultInterrupt)
                  0x00000c          0x4 LONG 0x3548 DEFINED (__MathError)?ABSOLUTE (__MathError):ABSOLUTE (__DefaultInterrupt)
                  0x00000e          0x4 LONG 0x190 DEFINED (__ReservedTrap5)?ABSOLUTE (__ReservedTrap5):ABSOLUTE (__DefaultInterrupt)
                  0x000010          0x4 LONG 0x190 DEFINED (__ReservedTrap6)?ABSOLUTE (__ReservedTrap6):ABSOLUTE (__DefaultInterrupt)
                  0x000012          0x4 LONG 0x190 DEFINED (__ReservedTrap7)?ABSOLUTE (__ReservedTrap7):ABSOLUTE (__DefaultInterrupt)
                  0x000014          0x4 LONG 0x2e7a DEFINED (__INT0Interrupt)?ABSOLUTE (__INT0Interrupt):ABSOLUTE (__DefaultInterrupt)
                  0x000016          0x4 LONG 0x190 DEFINED (__IC1Interrupt)?ABSOLUTE (__IC1Interrupt):ABSOLUTE (__DefaultInterrupt)
                  0x000018          0x4 LONG 0x190 DEFINED (__OC1Interrupt)?ABSOLUTE (__OC1Interrupt):ABSOLUTE (__DefaultInterrupt)
                  0x00001a          0x4 LONG 0x2e44 DEFINED (__T1Interrupt)?ABSOLUTE (__T1Interrupt):ABSOLUTE (__DefaultInterrupt)
                  0x00001c          0x4 LONG 0x190 DEFINED (__IC2Interrupt)?ABSOLUTE (__IC2Interrupt):ABSOLUTE (__DefaultInterrupt)
                  0x00001e          0x4 LONG 0x190 DEFINED (__OC2Interrupt)?ABSOLUTE (__OC2Interrupt):ABSOLUTE (__DefaultInterrupt)
                  0x000020          0x4 LONG 0x190 DEFINED (__T2Interrupt)?ABSOLUTE (__T2Interrupt):ABSOLUTE (__DefaultInterrupt)
                  0x000022          0x4 LONG 0x2e08 DEFINED (__T3Interrupt)?ABSOLUTE (__T3Interrupt):ABSOLUTE (__DefaultInterrupt)
                  0x000024          0x4 LONG 0x190 DEFINED (__SPI1Interrupt)?ABSOLUTE (__SPI1Interrupt):ABSOLUTE (__DefaultInterrupt)
                  0x000026          0x4 LONG 0x2d94 DEFINED (__U1RXInterrupt)?ABSOLUTE (__U1RXInterrupt):ABSOLUTE (__DefaultInterrupt)
                  0x000028          0x4 LONG 0x190 DEFINED (__U1TXInterrupt)?ABSOLUTE (__U1TXInterrupt):ABSOLUTE (__DefaultInterrupt)
                  0x00002a          0x4 LONG 0x190 DEFINED (__ADCInterrupt)?ABSOLUTE (__ADCInterrupt):ABSOLUTE (__DefaultInterrupt)
                  0x00002c          0x4 LONG 0x190 DEFINED (__NVMInterrupt)?ABSOLUTE (__NVMInterrupt):ABSOLUTE (__DefaultInterrupt)
                  0x00002e          0x4 LONG 0x190 DEFINED (__SI2CInterrupt)?ABSOLUTE (__SI2CInterrupt):ABSOLUTE (__DefaultInterrupt)
                  0x000030          0x4 LONG 0x190 DEFINED (__MI2CInterrupt)?ABSOLUTE (__MI2CInterrupt):ABSOLUTE (__DefaultInterrupt)
                  0x000032          0x4 LONG 0x190 DEFINED (__CNInterrupt)?ABSOLUTE (__CNInterrupt):ABSOLUTE (__DefaultInterrupt)
                  0x000034          0x4 LONG 0x190 DEFINED (__INT1Interrupt)?ABSOLUTE (__INT1Interrupt):ABSOLUTE (__DefaultInterrupt)
                  0x000036          0x4 LONG 0x190 DEFINED (__IC7Interrupt)?ABSOLUTE (__IC7Interrupt):ABSOLUTE (__DefaultInterrupt)
                  0x000038          0x4 LONG 0x190 DEFINED (__IC8Interrupt)?ABSOLUTE (__IC8Interrupt):ABSOLUTE (__DefaultInterrupt)
                  0x00003a          0x4 LONG 0x190 DEFINED (__OC3Interrupt)?ABSOLUTE (__OC3Interrupt):ABSOLUTE (__DefaultInterrupt)
                  0x00003c          0x4 LONG 0x190 DEFINED (__OC4Interrupt)?ABSOLUTE (__OC4Interrupt):ABSOLUTE (__DefaultInterrupt)
                  0x00003e          0x4 LONG 0x190 DEFINED (__T4Interrupt)?ABSOLUTE (__T4Interrupt):ABSOLUTE (__DefaultInterrupt)
                  0x000040          0x4 LONG 0x190 DEFINED (__T5Interrupt)?ABSOLUTE (__T5Interrupt):ABSOLUTE (__DefaultInterrupt)
                  0x000042          0x4 LONG 0x190 DEFINED (__INT2Interrupt)?ABSOLUTE (__INT2Interrupt):ABSOLUTE (__DefaultInterrupt)
                  0x000044          0x4 LONG 0x190 DEFINED (__U2RXInterrupt)?ABSOLUTE (__U2RXInterrupt):ABSOLUTE (__DefaultInterrupt)
                  0x000046          0x4 LONG 0x190 DEFINED (__U2TXInterrupt)?ABSOLUTE (__U2TXInterrupt):ABSOLUTE (__DefaultInterrupt)
                  0x000048          0x4 LONG 0x190 DEFINED (__SPI2Interrupt)?ABSOLUTE (__SPI2Interrupt):ABSOLUTE (__DefaultInterrupt)
                  0x00004a          0x4 LONG 0x190 DEFINED (__C1Interrupt)?ABSOLUTE (__C1Interrupt):ABSOLUTE (__DefaultInterrupt)
                  0x00004c          0x4 LONG 0x190 DEFINED (__IC3Interrupt)?ABSOLUTE (__IC3Interrupt):ABSOLUTE (__DefaultInterrupt)
                  0x00004e          0x4 LONG 0x190 DEFINED (__IC4Interrupt)?ABSOLUTE (__IC4Interrupt):ABSOLUTE (__DefaultInterrupt)
                  0x000050          0x4 LONG 0x190 DEFINED (__IC5Interrupt)?ABSOLUTE (__IC5Interrupt):ABSOLUTE (__DefaultInterrupt)
                  0x000052          0x4 LONG 0x190 DEFINED (__IC6Interrupt)?ABSOLUTE (__IC6Interrupt):ABSOLUTE (__DefaultInterrupt)
                  0x000054          0x4 LONG 0x190 DEFINED (__OC5Interrupt)?ABSOLUTE (__OC5Interrupt):ABSOLUTE (__DefaultInterrupt)
                  0x000056          0x4 LONG 0x190 DEFINED (__OC6Interrupt)?ABSOLUTE (__OC6Interrupt):ABSOLUTE (__DefaultInterrupt)
                  0x000058          0x4 LONG 0x190 DEFINED (__OC7Interrupt)?ABSOLUTE (__OC7Interrupt):ABSOLUTE (__DefaultInterrupt)
                  0x00005a          0x4 LONG 0x190 DEFINED (__OC8Interrupt)?ABSOLUTE (__OC8Interrupt):ABSOLUTE (__DefaultInterrupt)
                  0x00005c          0x4 LONG 0x190 DEFINED (__INT3Interrupt)?ABSOLUTE (__INT3Interrupt):ABSOLUTE (__DefaultInterrupt)
                  0x00005e          0x4 LONG 0x190 DEFINED (__INT4Interrupt)?ABSOLUTE (__INT4Interrupt):ABSOLUTE (__DefaultInterrupt)
                  0x000060          0x4 LONG 0x190 DEFINED (__C2Interrupt)?ABSOLUTE (__C2Interrupt):ABSOLUTE (__DefaultInterrupt)
                  0x000062          0x4 LONG 0x190 DEFINED (__PWMInterrupt)?ABSOLUTE (__PWMInterrupt):ABSOLUTE (__DefaultInterrupt)
                  0x000064          0x4 LONG 0x190 DEFINED (__QEIInterrupt)?ABSOLUTE (__QEIInterrupt):ABSOLUTE (__DefaultInterrupt)
                  0x000066          0x4 LONG 0x190 DEFINED (__DCIInterrupt)?ABSOLUTE (__DCIInterrupt):ABSOLUTE (__DefaultInterrupt)
                  0x000068          0x4 LONG 0x190 DEFINED (__LVDInterrupt)?ABSOLUTE (__LVDInterrupt):ABSOLUTE (__DefaultInterrupt)
                  0x00006a          0x4 LONG 0x190 DEFINED (__FLTAInterrupt)?ABSOLUTE (__FLTAInterrupt):ABSOLUTE (__DefaultInterrupt)
                  0x00006c          0x4 LONG 0x190 DEFINED (__FLTBInterrupt)?ABSOLUTE (__FLTBInterrupt):ABSOLUTE (__DefaultInterrupt)
                  0x00006e          0x4 LONG 0x190 DEFINED (__Interrupt45)?ABSOLUTE (__Interrupt45):ABSOLUTE (__DefaultInterrupt)
                  0x000070          0x4 LONG 0x190 DEFINED (__Interrupt46)?ABSOLUTE (__Interrupt46):ABSOLUTE (__DefaultInterrupt)
                  0x000072          0x4 LONG 0x190 DEFINED (__Interrupt47)?ABSOLUTE (__Interrupt47):ABSOLUTE (__DefaultInterrupt)
                  0x000074          0x4 LONG 0x190 DEFINED (__Interrupt48)?ABSOLUTE (__Interrupt48):ABSOLUTE (__DefaultInterrupt)
                  0x000076          0x4 LONG 0x190 DEFINED (__Interrupt49)?ABSOLUTE (__Interrupt49):ABSOLUTE (__DefaultInterrupt)
                  0x000078          0x4 LONG 0x190 DEFINED (__Interrupt50)?ABSOLUTE (__Interrupt50):ABSOLUTE (__DefaultInterrupt)
                  0x00007a          0x4 LONG 0x190 DEFINED (__Interrupt51)?ABSOLUTE (__Interrupt51):ABSOLUTE (__DefaultInterrupt)
                  0x00007c          0x4 LONG 0x190 DEFINED (__Interrupt52)?ABSOLUTE (__Interrupt52):ABSOLUTE (__DefaultInterrupt)
                  0x00007e          0x4 LONG 0x190 DEFINED (__Interrupt53)?ABSOLUTE (__Interrupt53):ABSOLUTE (__DefaultInterrupt)

.aivt             0x000084         0x7c
                  0x000084          0x4 LONG 0x190 DEFINED (__AltReservedTrap0)?ABSOLUTE (__AltReservedTrap0):DEFINED (__ReservedTrap0)?ABSOLUTE (__ReservedTrap0):ABSOLUTE (__DefaultInterrupt)
                  0x000086          0x4 LONG 0x3506 DEFINED (__AltOscillatorFail)?ABSOLUTE (__AltOscillatorFail):DEFINED (__OscillatorFail)?ABSOLUTE (__OscillatorFail):ABSOLUTE (__DefaultInterrupt)
                  0x000088          0x4 LONG 0x351c DEFINED (__AltAddressError)?ABSOLUTE (__AltAddressError):DEFINED (__AddressError)?ABSOLUTE (__AddressError):ABSOLUTE (__DefaultInterrupt)
                  0x00008a          0x4 LONG 0x3532 DEFINED (__AltStackError)?ABSOLUTE (__AltStackError):DEFINED (__StackError)?ABSOLUTE (__StackError):ABSOLUTE (__DefaultInterrupt)
                  0x00008c          0x4 LONG 0x3548 DEFINED (__AltMathError)?ABSOLUTE (__AltMathError):DEFINED (__MathError)?ABSOLUTE (__MathError):ABSOLUTE (__DefaultInterrupt)
                  0x00008e          0x4 LONG 0x190 DEFINED (__AltReservedTrap5)?ABSOLUTE (__AltReservedTrap5):DEFINED (__ReservedTrap5)?ABSOLUTE (__ReservedTrap5):ABSOLUTE (__DefaultInterrupt)
                  0x000090          0x4 LONG 0x190 DEFINED (__AltReservedTrap6)?ABSOLUTE (__AltReservedTrap6):DEFINED (__ReservedTrap6)?ABSOLUTE (__ReservedTrap6):ABSOLUTE (__DefaultInterrupt)
                  0x000092          0x4 LONG 0x190 DEFINED (__AltReservedTrap7)?ABSOLUTE (__AltReservedTrap7):DEFINED (__ReservedTrap7)?ABSOLUTE (__ReservedTrap7):ABSOLUTE (__DefaultInterrupt)
                  0x000094          0x4 LONG 0x2e7a DEFINED (__AltINT0Interrupt)?ABSOLUTE (__AltINT0Interrupt):DEFINED (__INT0Interrupt)?ABSOLUTE (__INT0Interrupt):ABSOLUTE (__DefaultInterrupt)
                  0x000096          0x4 LONG 0x190 DEFINED (__AltIC1Interrupt)?ABSOLUTE (__AltIC1Interrupt):DEFINED (__IC1Interrupt)?ABSOLUTE (__IC1Interrupt):ABSOLUTE (__DefaultInterrupt)
                  0x000098          0x4 LONG 0x190 DEFINED (__AltOC1Interrupt)?ABSOLUTE (__AltOC1Interrupt):DEFINED (__OC1Interrupt)?ABSOLUTE (__OC1Interrupt):ABSOLUTE (__DefaultInterrupt)
                  0x00009a          0x4 LONG 0x2e44 DEFINED (__AltT1Interrupt)?ABSOLUTE (__AltT1Interrupt):DEFINED (__T1Interrupt)?ABSOLUTE (__T1Interrupt):ABSOLUTE (__DefaultInterrupt)
                  0x00009c          0x4 LONG 0x190 DEFINED (__AltIC2Interrupt)?ABSOLUTE (__AltIC2Interrupt):DEFINED (__IC2Interrupt)?ABSOLUTE (__IC2Interrupt):ABSOLUTE (__DefaultInterrupt)
                  0x00009e          0x4 LONG 0x190 DEFINED (__AltOC2Interrupt)?ABSOLUTE (__AltOC2Interrupt):DEFINED (__OC2Interrupt)?ABSOLUTE (__OC2Interrupt):ABSOLUTE (__DefaultInterrupt)
                  0x0000a0          0x4 LONG 0x190 DEFINED (__AltT2Interrupt)?ABSOLUTE (__AltT2Interrupt):DEFINED (__T2Interrupt)?ABSOLUTE (__T2Interrupt):ABSOLUTE (__DefaultInterrupt)
                  0x0000a2          0x4 LONG 0x2e08 DEFINED (__AltT3Interrupt)?ABSOLUTE (__AltT3Interrupt):DEFINED (__T3Interrupt)?ABSOLUTE (__T3Interrupt):ABSOLUTE (__DefaultInterrupt)
                  0x0000a4          0x4 LONG 0x190 DEFINED (__AltSPI1Interrupt)?ABSOLUTE (__AltSPI1Interrupt):DEFINED (__SPI1Interrupt)?ABSOLUTE (__SPI1Interrupt):ABSOLUTE (__DefaultInterrupt)
                  0x0000a6          0x4 LONG 0x2d94 DEFINED (__AltU1RXInterrupt)?ABSOLUTE (__AltU1RXInterrupt):DEFINED (__U1RXInterrupt)?ABSOLUTE (__U1RXInterrupt):ABSOLUTE (__DefaultInterrupt)
                  0x0000a8          0x4 LONG 0x190 DEFINED (__AltU1TXInterrupt)?ABSOLUTE (__AltU1TXInterrupt):DEFINED (__U1TXInterrupt)?ABSOLUTE (__U1TXInterrupt):ABSOLUTE (__DefaultInterrupt)
                  0x0000aa          0x4 LONG 0x190 DEFINED (__AltADCInterrupt)?ABSOLUTE (__AltADCInterrupt):DEFINED (__ADCInterrupt)?ABSOLUTE (__ADCInterrupt):ABSOLUTE (__DefaultInterrupt)
                  0x0000ac          0x4 LONG 0x190 DEFINED (__AltNVMInterrupt)?ABSOLUTE (__AltNVMInterrupt):DEFINED (__NVMInterrupt)?ABSOLUTE (__NVMInterrupt):ABSOLUTE (__DefaultInterrupt)
                  0x0000ae          0x4 LONG 0x190 DEFINED (__AltSI2CInterrupt)?ABSOLUTE (__AltSI2CInterrupt):DEFINED (__SI2CInterrupt)?ABSOLUTE (__SI2CInterrupt):ABSOLUTE (__DefaultInterrupt)
                  0x0000b0          0x4 LONG 0x190 DEFINED (__AltMI2CInterrupt)?ABSOLUTE (__AltMI2CInterrupt):DEFINED (__MI2CInterrupt)?ABSOLUTE (__MI2CInterrupt):ABSOLUTE (__DefaultInterrupt)
                  0x0000b2          0x4 LONG 0x190 DEFINED (__AltCNInterrupt)?ABSOLUTE (__AltCNInterrupt):DEFINED (__CNInterrupt)?ABSOLUTE (__CNInterrupt):ABSOLUTE (__DefaultInterrupt)
                  0x0000b4          0x4 LONG 0x190 DEFINED (__AltINT1Interrupt)?ABSOLUTE (__AltINT1Interrupt):DEFINED (__INT1Interrupt)?ABSOLUTE (__INT1Interrupt):ABSOLUTE (__DefaultInterrupt)
                  0x0000b6          0x4 LONG 0x190 DEFINED (__AltIC7Interrupt)?ABSOLUTE (__AltIC7Interrupt):DEFINED (__IC7Interrupt)?ABSOLUTE (__IC7Interrupt):ABSOLUTE (__DefaultInterrupt)
                  0x0000b8          0x4 LONG 0x190 DEFINED (__AltIC8Interrupt)?ABSOLUTE (__AltIC8Interrupt):DEFINED (__IC8Interrupt)?ABSOLUTE (__IC8Interrupt):ABSOLUTE (__DefaultInterrupt)
                  0x0000ba          0x4 LONG 0x190 DEFINED (__AltOC3Interrupt)?ABSOLUTE (__AltOC3Interrupt):DEFINED (__OC3Interrupt)?ABSOLUTE (__OC3Interrupt):ABSOLUTE (__DefaultInterrupt)
                  0x0000bc          0x4 LONG 0x190 DEFINED (__AltOC4Interrupt)?ABSOLUTE (__AltOC4Interrupt):DEFINED (__OC4Interrupt)?ABSOLUTE (__OC4Interrupt):ABSOLUTE (__DefaultInterrupt)
                  0x0000be          0x4 LONG 0x190 DEFINED (__AltT4Interrupt)?ABSOLUTE (__AltT4Interrupt):DEFINED (__T4Interrupt)?ABSOLUTE (__T4Interrupt):ABSOLUTE (__DefaultInterrupt)
                  0x0000c0          0x4 LONG 0x190 DEFINED (__AltT5Interrupt)?ABSOLUTE (__AltT5Interrupt):DEFINED (__T5Interrupt)?ABSOLUTE (__T5Interrupt):ABSOLUTE (__DefaultInterrupt)
                  0x0000c2          0x4 LONG 0x190 DEFINED (__AltINT2Interrupt)?ABSOLUTE (__AltINT2Interrupt):DEFINED (__INT2Interrupt)?ABSOLUTE (__INT2Interrupt):ABSOLUTE (__DefaultInterrupt)
                  0x0000c4          0x4 LONG 0x190 DEFINED (__AltU2RXInterrupt)?ABSOLUTE (__AltU2RXInterrupt):DEFINED (__U2RXInterrupt)?ABSOLUTE (__U2RXInterrupt):ABSOLUTE (__DefaultInterrupt)
                  0x0000c6          0x4 LONG 0x190 DEFINED (__AltU2TXInterrupt)?ABSOLUTE (__AltU2TXInterrupt):DEFINED (__U2TXInterrupt)?ABSOLUTE (__U2TXInterrupt):ABSOLUTE (__DefaultInterrupt)
                  0x0000c8          0x4 LONG 0x190 DEFINED (__AltSPI2Interrupt)?ABSOLUTE (__AltSPI2Interrupt):DEFINED (__SPI2Interrupt)?ABSOLUTE (__SPI2Interrupt):ABSOLUTE (__DefaultInterrupt)
                  0x0000ca          0x4 LONG 0x190 DEFINED (__AltC1Interrupt)?ABSOLUTE (__AltC1Interrupt):DEFINED (__C1Interrupt)?ABSOLUTE (__C1Interrupt):ABSOLUTE (__DefaultInterrupt)
                  0x0000cc          0x4 LONG 0x190 DEFINED (__AltIC3Interrupt)?ABSOLUTE (__AltIC3Interrupt):DEFINED (__IC3Interrupt)?ABSOLUTE (__IC3Interrupt):ABSOLUTE (__DefaultInterrupt)
                  0x0000ce          0x4 LONG 0x190 DEFINED (__AltIC4Interrupt)?ABSOLUTE (__AltIC4Interrupt):DEFINED (__IC4Interrupt)?ABSOLUTE (__IC4Interrupt):ABSOLUTE (__DefaultInterrupt)
                  0x0000d0          0x4 LONG 0x190 DEFINED (__AltIC5Interrupt)?ABSOLUTE (__AltIC5Interrupt):DEFINED (__IC5Interrupt)?ABSOLUTE (__IC5Interrupt):ABSOLUTE (__DefaultInterrupt)
                  0x0000d2          0x4 LONG 0x190 DEFINED (__AltIC6Interrupt)?ABSOLUTE (__AltIC6Interrupt):DEFINED (__IC6Interrupt)?ABSOLUTE (__IC6Interrupt):ABSOLUTE (__DefaultInterrupt)
                  0x0000d4          0x4 LONG 0x190 DEFINED (__AltOC5Interrupt)?ABSOLUTE (__AltOC5Interrupt):DEFINED (__OC5Interrupt)?ABSOLUTE (__OC5Interrupt):ABSOLUTE (__DefaultInterrupt)
                  0x0000d6          0x4 LONG 0x190 DEFINED (__AltOC6Interrupt)?ABSOLUTE (__AltOC6Interrupt):DEFINED (__OC6Interrupt)?ABSOLUTE (__OC6Interrupt):ABSOLUTE (__DefaultInterrupt)
                  0x0000d8          0x4 LONG 0x190 DEFINED (__AltOC7Interrupt)?ABSOLUTE (__AltOC7Interrupt):DEFINED (__OC7Interrupt)?ABSOLUTE (__OC7Interrupt):ABSOLUTE (__DefaultInterrupt)
                  0x0000da          0x4 LONG 0x190 DEFINED (__AltOC8Interrupt)?ABSOLUTE (__AltOC8Interrupt):DEFINED (__OC8Interrupt)?ABSOLUTE (__OC8Interrupt):ABSOLUTE (__DefaultInterrupt)
                  0x0000dc          0x4 LONG 0x190 DEFINED (__AltINT3Interrupt)?ABSOLUTE (__AltINT3Interrupt):DEFINED (__INT3Interrupt)?ABSOLUTE (__INT3Interrupt):ABSOLUTE (__DefaultInterrupt)
                  0x0000de          0x4 LONG 0x190 DEFINED (__AltINT4Interrupt)?ABSOLUTE (__AltINT4Interrupt):DEFINED (__INT4Interrupt)?ABSOLUTE (__INT4Interrupt):ABSOLUTE (__DefaultInterrupt)
                  0x0000e0          0x4 LONG 0x190 DEFINED (__AltC2Interrupt)?ABSOLUTE (__AltC2Interrupt):DEFINED (__C2Interrupt)?ABSOLUTE (__C2Interrupt):ABSOLUTE (__DefaultInterrupt)
                  0x0000e2          0x4 LONG 0x190 DEFINED (__AltPWMInterrupt)?ABSOLUTE (__AltPWMInterrupt):DEFINED (__PWMInterrupt)?ABSOLUTE (__PWMInterrupt):ABSOLUTE (__DefaultInterrupt)
                  0x0000e4          0x4 LONG 0x190 DEFINED (__AltQEIInterrupt)?ABSOLUTE (__AltQEIInterrupt):DEFINED (__QEIInterrupt)?ABSOLUTE (__QEIInterrupt):ABSOLUTE (__DefaultInterrupt)
                  0x0000e6          0x4 LONG 0x190 DEFINED (__AltDCIInterrupt)?ABSOLUTE (__AltDCIInterrupt):DEFINED (__DCIInterrupt)?ABSOLUTE (__DCIInterrupt):ABSOLUTE (__DefaultInterrupt)
                  0x0000e8          0x4 LONG 0x190 DEFINED (__AltLVDInterrupt)?ABSOLUTE (__AltLVDInterrupt):DEFINED (__LVDInterrupt)?ABSOLUTE (__LVDInterrupt):ABSOLUTE (__DefaultInterrupt)
                  0x0000ea          0x4 LONG 0x190 DEFINED (__AltFLTAInterrupt)?ABSOLUTE (__AltFLTAInterrupt):DEFINED (__FLTAInterrupt)?ABSOLUTE (__FLTAInterrupt):ABSOLUTE (__DefaultInterrupt)
                  0x0000ec          0x4 LONG 0x190 DEFINED (__AltFLTBInterrupt)?ABSOLUTE (__AltFLTBInterrupt):DEFINED (__FLTBInterrupt)?ABSOLUTE (__FLTBInterrupt):ABSOLUTE (__DefaultInterrupt)
                  0x0000ee          0x4 LONG 0x190 DEFINED (__AltInterrupt45)?ABSOLUTE (__AltInterrupt45):DEFINED (__Interrupt45)?ABSOLUTE (__Interrupt45):ABSOLUTE (__DefaultInterrupt)
                  0x0000f0          0x4 LONG 0x190 DEFINED (__AltInterrupt46)?ABSOLUTE (__AltInterrupt46):DEFINED (__Interrupt46)?ABSOLUTE (__Interrupt46):ABSOLUTE (__DefaultInterrupt)
                  0x0000f2          0x4 LONG 0x190 DEFINED (__AltInterrupt47)?ABSOLUTE (__AltInterrupt47):DEFINED (__Interrupt47)?ABSOLUTE (__Interrupt47):ABSOLUTE (__DefaultInterrupt)
                  0x0000f4          0x4 LONG 0x190 DEFINED (__AltInterrupt48)?ABSOLUTE (__AltInterrupt48):DEFINED (__Interrupt48)?ABSOLUTE (__Interrupt48):ABSOLUTE (__DefaultInterrupt)
                  0x0000f6          0x4 LONG 0x190 DEFINED (__AltInterrupt49)?ABSOLUTE (__AltInterrupt49):DEFINED (__Interrupt49)?ABSOLUTE (__Interrupt49):ABSOLUTE (__DefaultInterrupt)
                  0x0000f8          0x4 LONG 0x190 DEFINED (__AltInterrupt50)?ABSOLUTE (__AltInterrupt50):DEFINED (__Interrupt50)?ABSOLUTE (__Interrupt50):ABSOLUTE (__DefaultInterrupt)
                  0x0000fa          0x4 LONG 0x190 DEFINED (__AltInterrupt51)?ABSOLUTE (__AltInterrupt51):DEFINED (__Interrupt51)?ABSOLUTE (__Interrupt51):ABSOLUTE (__DefaultInterrupt)
                  0x0000fc          0x4 LONG 0x190 DEFINED (__AltInterrupt52)?ABSOLUTE (__AltInterrupt52):DEFINED (__Interrupt52)?ABSOLUTE (__Interrupt52):ABSOLUTE (__DefaultInterrupt)
                  0x0000fe          0x4 LONG 0x190 DEFINED (__AltInterrupt53)?ABSOLUTE (__AltInterrupt53):DEFINED (__Interrupt53)?ABSOLUTE (__Interrupt53):ABSOLUTE (__DefaultInterrupt)
                    0x0000                  WREG0 = 0x0
                    0x0000                  _WREG0 = 0x0
                    0x0002                  WREG1 = 0x2
                    0x0002                  _WREG1 = 0x2
                    0x0004                  WREG2 = 0x4
                    0x0004                  _WREG2 = 0x4
                    0x0006                  WREG3 = 0x6
                    0x0006                  _WREG3 = 0x6
                    0x0008                  WREG4 = 0x8
                    0x0008                  _WREG4 = 0x8
                    0x000a                  WREG5 = 0xa
                    0x000a                  _WREG5 = 0xa
                    0x000c                  WREG6 = 0xc
                    0x000c                  _WREG6 = 0xc
                    0x000e                  WREG7 = 0xe
                    0x000e                  _WREG7 = 0xe
                    0x0010                  WREG8 = 0x10
                    0x0010                  _WREG8 = 0x10
                    0x0012                  WREG9 = 0x12
                    0x0012                  _WREG9 = 0x12
                    0x0014                  WREG10 = 0x14
                    0x0014                  _WREG10 = 0x14
                    0x0016                  WREG11 = 0x16
                    0x0016                  _WREG11 = 0x16
                    0x0018                  WREG12 = 0x18
                    0x0018                  _WREG12 = 0x18
                    0x001a                  WREG13 = 0x1a
                    0x001a                  _WREG13 = 0x1a
                    0x001c                  WREG14 = 0x1c
                    0x001c                  _WREG14 = 0x1c
                    0x001e                  WREG15 = 0x1e
                    0x001e                  _WREG15 = 0x1e
                    0x0020                  SPLIM = 0x20
                    0x0020                  _SPLIM = 0x20
                    0x0022                  ACCAL = 0x22
                    0x0022                  _ACCAL = 0x22
                    0x0024                  ACCAH = 0x24
                    0x0024                  _ACCAH = 0x24
                    0x0026                  ACCAU = 0x26
                    0x0026                  _ACCAU = 0x26
                    0x0028                  ACCBL = 0x28
                    0x0028                  _ACCBL = 0x28
                    0x002a                  ACCBH = 0x2a
                    0x002a                  _ACCBH = 0x2a
                    0x002c                  ACCBU = 0x2c
                    0x002c                  _ACCBU = 0x2c
                    0x002e                  PCL = 0x2e
                    0x002e                  _PCL = 0x2e
                    0x0030                  PCH = 0x30
                    0x0030                  _PCH = 0x30
                    0x0032                  TBLPAG = 0x32
                    0x0032                  _TBLPAG = 0x32
                    0x0034                  PSVPAG = 0x34
                    0x0034                  _PSVPAG = 0x34
                    0x0036                  RCOUNT = 0x36
                    0x0036                  _RCOUNT = 0x36
                    0x0038                  DCOUNT = 0x38
                    0x0038                  _DCOUNT = 0x38
                    0x003a                  DOSTARTL = 0x3a
                    0x003a                  _DOSTARTL = 0x3a
                    0x003c                  DOSTARTH = 0x3c
                    0x003c                  _DOSTARTH = 0x3c
                    0x003e                  DOENDL = 0x3e
                    0x003e                  _DOENDL = 0x3e
                    0x0040                  DOENDH = 0x40
                    0x0040                  _DOENDH = 0x40
                    0x0042                  SR = 0x42
                    0x0042                  _SR = 0x42
                    0x0042                  _SRbits = 0x42
                    0x0044                  CORCON = 0x44
                    0x0044                  _CORCON = 0x44
                    0x0044                  _CORCONbits = 0x44
                    0x0046                  MODCON = 0x46
                    0x0046                  _MODCON = 0x46
                    0x0046                  _MODCONbits = 0x46
                    0x0048                  XMODSRT = 0x48
                    0x0048                  _XMODSRT = 0x48
                    0x004a                  XMODEND = 0x4a
                    0x004a                  _XMODEND = 0x4a
                    0x004c                  YMODSRT = 0x4c
                    0x004c                  _YMODSRT = 0x4c
                    0x004e                  YMODEND = 0x4e
                    0x004e                  _YMODEND = 0x4e
                    0x0050                  XBREV = 0x50
                    0x0050                  _XBREV = 0x50
                    0x0050                  _XBREVbits = 0x50
                    0x0052                  DISICNT = 0x52
                    0x0052                  _DISICNT = 0x52
                    0x0052                  _DISICNTbits = 0x52
                    0x0080                  INTCON1 = 0x80
                    0x0080                  _INTCON1 = 0x80
                    0x0080                  _INTCON1bits = 0x80
                    0x0082                  INTCON2 = 0x82
                    0x0082                  _INTCON2 = 0x82
                    0x0082                  _INTCON2bits = 0x82
                    0x0084                  IFS0 = 0x84
                    0x0084                  _IFS0 = 0x84
                    0x0084                  _IFS0bits = 0x84
                    0x0086                  IFS1 = 0x86
                    0x0086                  _IFS1 = 0x86
                    0x0086                  _IFS1bits = 0x86
                    0x0088                  IFS2 = 0x88
                    0x0088                  _IFS2 = 0x88
                    0x0088                  _IFS2bits = 0x88
                    0x008c                  IEC0 = 0x8c
                    0x008c                  _IEC0 = 0x8c
                    0x008c                  _IEC0bits = 0x8c
                    0x008e                  IEC1 = 0x8e
                    0x008e                  _IEC1 = 0x8e
                    0x008e                  _IEC1bits = 0x8e
                    0x0090                  IEC2 = 0x90
                    0x0090                  _IEC2 = 0x90
                    0x0090                  _IEC2bits = 0x90
                    0x0094                  IPC0 = 0x94
                    0x0094                  _IPC0 = 0x94
                    0x0094                  _IPC0bits = 0x94
                    0x0096                  IPC1 = 0x96
                    0x0096                  _IPC1 = 0x96
                    0x0096                  _IPC1bits = 0x96
                    0x0098                  IPC2 = 0x98
                    0x0098                  _IPC2 = 0x98
                    0x0098                  _IPC2bits = 0x98
                    0x009a                  IPC3 = 0x9a
                    0x009a                  _IPC3 = 0x9a
                    0x009a                  _IPC3bits = 0x9a
                    0x009c                  IPC4 = 0x9c
                    0x009c                  _IPC4 = 0x9c
                    0x009c                  _IPC4bits = 0x9c
                    0x009e                  IPC5 = 0x9e
                    0x009e                  _IPC5 = 0x9e
                    0x009e                  _IPC5bits = 0x9e
                    0x00a0                  IPC6 = 0xa0
                    0x00a0                  _IPC6 = 0xa0
                    0x00a0                  _IPC6bits = 0xa0
                    0x00a8                  IPC10 = 0xa8
                    0x00a8                  _IPC10 = 0xa8
                    0x00a8                  _IPC10bits = 0xa8
                    0x00b0                  INTTREG = 0xb0
                    0x00b0                  _INTTREG = 0xb0
                    0x00b0                  _INTTREGbits = 0xb0
                    0x00c0                  CNEN1 = 0xc0
                    0x00c0                  _CNEN1 = 0xc0
                    0x00c0                  _CNEN1bits = 0xc0
                    0x00c2                  CNEN2 = 0xc2
                    0x00c2                  _CNEN2 = 0xc2
                    0x00c2                  _CNEN2bits = 0xc2
                    0x00c4                  CNPU1 = 0xc4
                    0x00c4                  _CNPU1 = 0xc4
                    0x00c4                  _CNPU1bits = 0xc4
                    0x00c6                  CNPU2 = 0xc6
                    0x00c6                  _CNPU2 = 0xc6
                    0x00c6                  _CNPU2bits = 0xc6
                    0x0100                  TMR1 = 0x100
                    0x0100                  _TMR1 = 0x100
                    0x0102                  PR1 = 0x102
                    0x0102                  _PR1 = 0x102
                    0x0104                  T1CON = 0x104
                    0x0104                  _T1CON = 0x104
                    0x0104                  _T1CONbits = 0x104
                    0x0106                  TMR2 = 0x106
                    0x0106                  _TMR2 = 0x106
                    0x0108                  TMR3HLD = 0x108
                    0x0108                  _TMR3HLD = 0x108
                    0x010a                  TMR3 = 0x10a
                    0x010a                  _TMR3 = 0x10a
                    0x010c                  PR2 = 0x10c
                    0x010c                  _PR2 = 0x10c
                    0x010e                  PR3 = 0x10e
                    0x010e                  _PR3 = 0x10e
                    0x0110                  T2CON = 0x110
                    0x0110                  _T2CON = 0x110
                    0x0110                  _T2CONbits = 0x110
                    0x0112                  T3CON = 0x112
                    0x0112                  _T3CON = 0x112
                    0x0112                  _T3CONbits = 0x112
                    0x0140                  IC1BUF = 0x140
                    0x0140                  _IC1BUF = 0x140
                    0x0142                  IC1CON = 0x142
                    0x0142                  _IC1CON = 0x142
                    0x0142                  _IC1CONbits = 0x142
                    0x0144                  IC2BUF = 0x144
                    0x0144                  _IC2BUF = 0x144
                    0x0146                  IC2CON = 0x146
                    0x0146                  _IC2CON = 0x146
                    0x0146                  _IC2CONbits = 0x146
                    0x0180                  OC1RS = 0x180
                    0x0180                  _OC1RS = 0x180
                    0x0182                  OC1R = 0x182
                    0x0182                  _OC1R = 0x182
                    0x0184                  OC1CON = 0x184
                    0x0184                  _OC1CON = 0x184
                    0x0184                  _OC1CONbits = 0x184
                    0x0186                  OC2RS = 0x186
                    0x0186                  _OC2RS = 0x186
                    0x0188                  OC2R = 0x188
                    0x0188                  _OC2R = 0x188
                    0x018a                  OC2CON = 0x18a
                    0x018a                  _OC2CON = 0x18a
                    0x018a                  _OC2CONbits = 0x18a
                    0x0200                  I2CRCV = 0x200
                    0x0200                  _I2CRCV = 0x200
                    0x0200                  _I2CRCVbits = 0x200
                    0x0202                  I2CTRN = 0x202
                    0x0202                  _I2CTRN = 0x202
                    0x0202                  _I2CTRNbits = 0x202
                    0x0204                  I2CBRG = 0x204
                    0x0204                  _I2CBRG = 0x204
                    0x0204                  _I2CBRGbits = 0x204
                    0x0206                  I2CCON = 0x206
                    0x0206                  _I2CCON = 0x206
                    0x0206                  _I2CCONbits = 0x206
                    0x0208                  I2CSTAT = 0x208
                    0x0208                  _I2CSTAT = 0x208
                    0x0208                  _I2CSTATbits = 0x208
                    0x020a                  I2CADD = 0x20a
                    0x020a                  _I2CADD = 0x20a
                    0x020a                  _I2CADDbits = 0x20a
                    0x020c                  U1MODE = 0x20c
                    0x020c                  _U1MODE = 0x20c
                    0x020c                  _U1MODEbits = 0x20c
                    0x020e                  U1STA = 0x20e
                    0x020e                  _U1STA = 0x20e
                    0x020e                  _U1STAbits = 0x20e
                    0x0210                  U1TXREG = 0x210
                    0x0210                  _U1TXREG = 0x210
                    0x0210                  _U1TXREGbits = 0x210
                    0x0212                  U1RXREG = 0x212
                    0x0212                  _U1RXREG = 0x212
                    0x0212                  _U1RXREGbits = 0x212
                    0x0214                  U1BRG = 0x214
                    0x0214                  _U1BRG = 0x214
                    0x0216                  U2MODE = 0x216
                    0x0216                  _U2MODE = 0x216
                    0x0216                  _U2MODEbits = 0x216
                    0x0218                  U2STA = 0x218
                    0x0218                  _U2STA = 0x218
                    0x0218                  _U2STAbits = 0x218
                    0x021a                  U2TXREG = 0x21a
                    0x021a                  _U2TXREG = 0x21a
                    0x021a                  _U2TXREGbits = 0x21a
                    0x021c                  U2RXREG = 0x21c
                    0x021c                  _U2RXREG = 0x21c
                    0x021c                  _U2RXREGbits = 0x21c
                    0x021e                  U2BRG = 0x21e
                    0x021e                  _U2BRG = 0x21e
                    0x0220                  SPI1STAT = 0x220
                    0x0220                  _SPI1STAT = 0x220
                    0x0220                  _SPI1STATbits = 0x220
                    0x0222                  SPI1CON = 0x222
                    0x0222                  _SPI1CON = 0x222
                    0x0222                  _SPI1CONbits = 0x222
                    0x0224                  SPI1BUF = 0x224
                    0x0224                  _SPI1BUF = 0x224
                    0x0280                  ADCBUF0 = 0x280
                    0x0280                  _ADCBUF0 = 0x280
                    0x0282                  ADCBUF1 = 0x282
                    0x0282                  _ADCBUF1 = 0x282
                    0x0284                  ADCBUF2 = 0x284
                    0x0284                  _ADCBUF2 = 0x284
                    0x0286                  ADCBUF3 = 0x286
                    0x0286                  _ADCBUF3 = 0x286
                    0x0288                  ADCBUF4 = 0x288
                    0x0288                  _ADCBUF4 = 0x288
                    0x028a                  ADCBUF5 = 0x28a
                    0x028a                  _ADCBUF5 = 0x28a
                    0x028c                  ADCBUF6 = 0x28c
                    0x028c                  _ADCBUF6 = 0x28c
                    0x028e                  ADCBUF7 = 0x28e
                    0x028e                  _ADCBUF7 = 0x28e
                    0x0290                  ADCBUF8 = 0x290
                    0x0290                  _ADCBUF8 = 0x290
                    0x0292                  ADCBUF9 = 0x292
                    0x0292                  _ADCBUF9 = 0x292
                    0x0294                  ADCBUFA = 0x294
                    0x0294                  _ADCBUFA = 0x294
                    0x0296                  ADCBUFB = 0x296
                    0x0296                  _ADCBUFB = 0x296
                    0x0298                  ADCBUFC = 0x298
                    0x0298                  _ADCBUFC = 0x298
                    0x029a                  ADCBUFD = 0x29a
                    0x029a                  _ADCBUFD = 0x29a
                    0x029c                  ADCBUFE = 0x29c
                    0x029c                  _ADCBUFE = 0x29c
                    0x029e                  ADCBUFF = 0x29e
                    0x029e                  _ADCBUFF = 0x29e
                    0x02a0                  ADCON1 = 0x2a0
                    0x02a0                  _ADCON1 = 0x2a0
                    0x02a0                  _ADCON1bits = 0x2a0
                    0x02a2                  ADCON2 = 0x2a2
                    0x02a2                  _ADCON2 = 0x2a2
                    0x02a2                  _ADCON2bits = 0x2a2
                    0x02a4                  ADCON3 = 0x2a4
                    0x02a4                  _ADCON3 = 0x2a4
                    0x02a4                  _ADCON3bits = 0x2a4
                    0x02a6                  ADCHS = 0x2a6
                    0x02a6                  _ADCHS = 0x2a6
                    0x02a6                  _ADCHSbits = 0x2a6
                    0x02a8                  ADPCFG = 0x2a8
                    0x02a8                  _ADPCFG = 0x2a8
                    0x02a8                  _ADPCFGbits = 0x2a8
                    0x02aa                  ADCSSL = 0x2aa
                    0x02aa                  _ADCSSL = 0x2aa
                    0x02aa                  _ADCSSLbits = 0x2aa
                    0x02c0                  TRISA = 0x2c0
                    0x02c0                  _TRISA = 0x2c0
                    0x02c0                  _TRISAbits = 0x2c0
                    0x02c2                  PORTA = 0x2c2
                    0x02c2                  _PORTA = 0x2c2
                    0x02c2                  _PORTAbits = 0x2c2
                    0x02c4                  LATA = 0x2c4
                    0x02c4                  _LATA = 0x2c4
                    0x02c4                  _LATAbits = 0x2c4
                    0x02c6                  TRISB = 0x2c6
                    0x02c6                  _TRISB = 0x2c6
                    0x02c6                  _TRISBbits = 0x2c6
                    0x02c8                  PORTB = 0x2c8
                    0x02c8                  _PORTB = 0x2c8
                    0x02c8                  _PORTBbits = 0x2c8
                    0x02ca                  LATB = 0x2ca
                    0x02ca                  _LATB = 0x2ca
                    0x02ca                  _LATBbits = 0x2ca
                    0x02cc                  TRISC = 0x2cc
                    0x02cc                  _TRISC = 0x2cc
                    0x02cc                  _TRISCbits = 0x2cc
                    0x02ce                  PORTC = 0x2ce
                    0x02ce                  _PORTC = 0x2ce
                    0x02ce                  _PORTCbits = 0x2ce
                    0x02d0                  LATC = 0x2d0
                    0x02d0                  _LATC = 0x2d0
                    0x02d0                  _LATCbits = 0x2d0
                    0x02d2                  TRISD = 0x2d2
                    0x02d2                  _TRISD = 0x2d2
                    0x02d2                  _TRISDbits = 0x2d2
                    0x02d4                  PORTD = 0x2d4
                    0x02d4                  _PORTD = 0x2d4
                    0x02d4                  _PORTDbits = 0x2d4
                    0x02d6                  LATD = 0x2d6
                    0x02d6                  _LATD = 0x2d6
                    0x02d6                  _LATDbits = 0x2d6
                    0x02de                  TRISF = 0x2de
                    0x02de                  _TRISF = 0x2de
                    0x02de                  _TRISFbits = 0x2de
                    0x02e0                  PORTF = 0x2e0
                    0x02e0                  _PORTF = 0x2e0
                    0x02e0                  _PORTFbits = 0x2e0
                    0x02e2                  LATF = 0x2e2
                    0x02e2                  _LATF = 0x2e2
                    0x02e2                  _LATFbits = 0x2e2
                    0x0740                  RCON = 0x740
                    0x0740                  _RCON = 0x740
                    0x0740                  _RCONbits = 0x740
                    0x0742                  OSCCON = 0x742
                    0x0742                  _OSCCON = 0x742
                    0x0742                  _OSCCONbits = 0x742
                    0x0742                  OSCCONL = 0x742
                    0x0742                  _OSCCONL = 0x742
                    0x0743                  OSCCONH = 0x743
                    0x0743                  _OSCCONH = 0x743
                    0x0744                  OSCTUN = 0x744
                    0x0744                  _OSCTUN = 0x744
                    0x0744                  _OSCTUNbits = 0x744
                    0x0760                  NVMCON = 0x760
                    0x0760                  _NVMCON = 0x760
                    0x0760                  _NVMCONbits = 0x760
                    0x0762                  NVMADR = 0x762
                    0x0762                  _NVMADR = 0x762
                    0x0764                  NVMADRU = 0x764
                    0x0764                  _NVMADRU = 0x764
                    0x0764                  _NVMADRUbits = 0x764
                    0x0766                  NVMKEY = 0x766
                    0x0766                  _NVMKEY = 0x766
                    0x0770                  PMD1 = 0x770
                    0x0770                  _PMD1 = 0x770
                    0x0770                  _PMD1bits = 0x770
                    0x0772                  PMD2 = 0x772
                    0x0772                  _PMD2 = 0x772
                    0x0772                  _PMD2bits = 0x772
                    0x0022                  ACCA = 0x22
                    0x0022                  _ACCA = 0x22
                    0x0028                  ACCB = 0x28
                    0x0028                  _ACCB = 0x28
                    0x0140                  IC1 = 0x140
                    0x0140                  _IC1 = 0x140
                    0x0144                  IC2 = 0x144
                    0x0144                  _IC2 = 0x144
                    0x0180                  OC1 = 0x180
                    0x0180                  _OC1 = 0x180
                    0x0186                  OC2 = 0x186
                    0x0186                  _OC2 = 0x186
                    0x0220                  SPI1 = 0x220
                    0x0220                  _SPI1 = 0x220
                    0x020c                  UART1 = 0x20c
                    0x020c                  _UART1 = 0x20c
                    0x0216                  UART2 = 0x216
                    0x0216                  _UART2 = 0x216
START GROUP
LOAD c:/program files (x86)/microchip/mplab c30/bin/bin/../../lib\libpic30-elf.a
LOAD c:/program files (x86)/microchip/mplab c30/bin/bin/../../lib\libm-elf.a
LOAD c:/program files (x86)/microchip/mplab c30/bin/bin/../../lib\libc-elf.a
END GROUP
OUTPUT(dist/default/production/SST40_V4.0.X.production.elf elf32-pic30)
LOAD FGS
LOAD default_isr
LOAD data_init

__c30_signature
                  0x000220         0xc0
 __c30_signature
                  0x000220          0x6 build/default/production/_ext/1360937237/DigitalIO.o
 __c30_signature
                  0x000226          0x6 build/default/production/_ext/1360937237/main.o
 __c30_signature
                  0x00022c          0x6 build/default/production/_ext/1360937237/systmr.o
 __c30_signature
                  0x000232          0x6 build/default/production/_ext/1360937237/task.o
 __c30_signature
                  0x000238          0x6 build/default/production/_ext/1360937237/sirem.o
 __c30_signature
                  0x00023e          0x6 build/default/production/_ext/1360937237/PARLIST.o
 __c30_signature
                  0x000244          0x6 build/default/production/_ext/1360937237/trace.o
 __c30_signature
                  0x00024a          0x6 build/default/production/_ext/1360937237/vuart.o
 __c30_signature
                  0x000250          0x6 build/default/production/_ext/1360937237/vADC.o
 __c30_signature
                  0x000256          0x6 build/default/production/_ext/1360937237/statemachine.o
 __c30_signature
                  0x00025c          0x6 build/default/production/_ext/1360937237/LCD.o
 __c30_signature
                  0x000262          0x6 build/default/production/_ext/1360937237/eeprom.o
 __c30_signature
                  0x000268          0x6 build/default/production/_ext/1360937237/triac_control.o
 __c30_signature
                  0x00026e          0x6 build/default/production/_ext/1360937237/IDENT.o
 __c30_signature
                  0x000274          0x6 build/default/production/_ext/1360937237/tempctrl.o
 __c30_signature
                  0x00027a          0x6 build/default/production/_ext/1360937237/measure.o
 __c30_signature
                  0x000280          0x6 build/default/production/_ext/1360937237/traps.o
 __c30_signature
                  0x000286          0x6 c:/program files (x86)/microchip/mplab c30/bin/bin/../../lib\libpic30-elf.a(crt0_standard.o)
 __c30_signature
                  0x00028c          0x6 c:/program files (x86)/microchip/mplab c30/bin/bin/../../lib\libpic30-elf.a(data_init_standard.o)
 __c30_signature
                  0x000292          0x6 c:/program files (x86)/microchip/mplab c30/bin/bin/../../lib\libpic30-elf.a(eedata_helper.eo)
 __c30_signature
                  0x000298          0x6 c:/program files (x86)/microchip/mplab c30/bin/bin/../../lib\libpic30-elf.a(memcpy_helper.eo)
 __c30_signature
                  0x00029e          0x6 c:/program files (x86)/microchip/mplab c30/bin/bin/../../lib\libm-elf.a(addsf3.eo)
 __c30_signature
                  0x0002a4          0x6 c:/program files (x86)/microchip/mplab c30/bin/bin/../../lib\libm-elf.a(divsf3.eo)
 __c30_signature
                  0x0002aa          0x6 c:/program files (x86)/microchip/mplab c30/bin/bin/../../lib\libm-elf.a(fixunssfsi.eo)
 __c30_signature
                  0x0002b0          0x6 c:/program files (x86)/microchip/mplab c30/bin/bin/../../lib\libm-elf.a(floatsisf.eo)
 __c30_signature
                  0x0002b6          0x6 c:/program files (x86)/microchip/mplab c30/bin/bin/../../lib\libm-elf.a(fpack.eo)
 __c30_signature
                  0x0002bc          0x6 c:/program files (x86)/microchip/mplab c30/bin/bin/../../lib\libm-elf.a(funpack.eo)
 __c30_signature
                  0x0002c2          0x6 c:/program files (x86)/microchip/mplab c30/bin/bin/../../lib\libm-elf.a(funpack2.eo)
 __c30_signature
                  0x0002c8          0x6 c:/program files (x86)/microchip/mplab c30/bin/bin/../../lib\libm-elf.a(futil.eo)
 __c30_signature
                  0x0002ce          0x6 c:/program files (x86)/microchip/mplab c30/bin/bin/../../lib\libm-elf.a(mulsf3.eo)
 __c30_signature
                  0x0002d4          0x6 c:/program files (x86)/microchip/mplab c30/bin/bin/../../lib\libm-elf.a(udivsi3.eo)
 __c30_signature
                  0x0002da          0x6 c:/program files (x86)/microchip/mplab c30/bin/bin/../../lib\libc-elf.a(strlen.XXeo)

_02b4dd90605df218
                    0x0800        0x4b4
 _02b4dd90605df218
                    0x0800        0x4b4 build/default/production/_ext/1360937237/trace.o
                    0x0800                  _TRSB

.nbss               0x0cb4        0x114
 .nbss              0x0cb4         0x54 build/default/production/_ext/1360937237/tempctrl.o
                    0x0cba                  _T_ctrl
                    0x0cd8                  _pid
                    0x0cf0                  _brs
                    0x0cf8                  _overprot
                    0x0d04                  _tmpctrl_mainstate
                    0x0d06                  _tmpctrl_nextstate
 .nbss              0x0d08         0x2c build/default/production/_ext/1360937237/task.o
                    0x0d12                  _stat_stat
                    0x0d26                  _Ttime
                    0x0d32                  _TASK_CONTROL
 .nbss              0x0d34         0x2c build/default/production/_ext/1360937237/sirem.o
 .nbss              0x0d60         0x24 build/default/production/_ext/1360937237/trace.o
                    0x0d62                  _trace_state
                    0x0d64                  _trace_control
                    0x0d66                  _STORE_POS
                    0x0d68                  _trace_counter
                    0x0d6a                  _trace_trigger
                    0x0d6c                  _par_trace
                    0x0d78                  _trace_config
                    0x0d7a                  _trace_every_period
                    0x0d7c                  _u16TraceParamNumber_1
                    0x0d7e                  _u16TraceParamNumber_2
                    0x0d80                  _u16CompareParameter
                    0x0d82                  _s16CmpValue
 .nbss              0x0d84         0x22 build/default/production/_ext/1360937237/IDENT.o
                    0x0d88                  _ident
 .nbss              0x0da6         0x22 build/default/production/_ext/1360937237/measure.o
                    0x0da8                  _mes1
                    0x0db2                  _mes2
                    0x0db8                  _mespar
                    0x0dc6                  _ZeroCrosDetectionState

.ndata              0x0dc8         0x1c
 .ndata             0x0dc8         0x1c build/default/production/_ext/1360937237/trace.o
                    0x0dc8                  _trace_source_addr

.nbss               0x0de4         0x58
 .nbss              0x0de4         0x1a build/default/production/_ext/1360937237/statemachine.o
                    0x0df2                  _SYS_CONTROL
                    0x0df4                  _PC_CONTROL
                    0x0df6                  _ERR_CONTROL
                    0x0df8                  _mainstate_T2
                    0x0dfa                  _mainstate_T1
                    0x0dfc                  _LCD_update_rate
 .nbss              0x0dfe         0x16 build/default/production/_ext/1360937237/eeprom.o
                    0x0e06                  _EE_CHKS
                    0x0e08                  _EE_Valid
                    0x0e0a                  _EE_par_update
                    0x0e0c                  _ParamAct
 .nbss              0x0e14         0x10 build/default/production/_ext/1360937237/vuart.o
 .nbss              0x0e24          0xc build/default/production/_ext/1360937237/DigitalIO.o
                    0x0e26                  _debounce_timer_2
                    0x0e28                  _deb_timer_cart
                    0x0e2a                  _deb_timer_stand
                    0x0e2c                  _deb_timer_extr
                    0x0e2e                  _cart_det_state
 .nbss              0x0e30          0x8 build/default/production/_ext/1360937237/systmr.o
                    0x0e30                  _time
 .nbss              0x0e38          0x4 build/default/production/_ext/1360937237/vADC.o
                    0x0e38                  _ADC

.ndata              0x0e3c          0x2
 .ndata             0x0e3c          0x2 build/default/production/_ext/1360937237/task.o

.nbss               0x0e3e          0x6
 .nbss              0x0e3e          0x2 build/default/production/_ext/1360937237/PARLIST.o
                    0x0e3e                  _release
 .nbss              0x0e40          0x2 build/default/production/_ext/1360937237/LCD.o
                    0x0e40                  _u16Nibble_Temp
 .nbss              0x0e42          0x2 build/default/production/_ext/1360937237/triac_control.o

.const              0x8520        0xf08 load address 0x000520  
 .const             0x8520        0xe10 build/default/production/_ext/1360937237/PARLIST.o
                    0x8520                  _version
                    0x8522                  _C30_Version
                    0x8a1c                  _iopar
 .const             0x9330         0xaa build/default/production/_ext/1360937237/statemachine.o
 .const             0x93da         0x36 build/default/production/_ext/1360937237/traps.o
 .const             0x9410         0x14 build/default/production/_ext/1360937237/main.o
 .const             0x9424          0x4 build/default/production/_ext/1360937237/LCD.o
                    0x9424                  _LCD_INIT_STRING

.text             0x001428       0x1fee
 .text            0x001428        0x5b2 build/default/production/_ext/1360937237/statemachine.o
                  0x001428                  _state_machine_T1
                  0x001644                  _state_machine_T2
                  0x00193a                  _state_machine_init
                  0x00194e                  _stm_timer_T2
                  0x001968                  _stm_timer_II_T2
                  0x001982                  _stm_timer_T1
                  0x00199c                  _PrintHibernationTime
 .text            0x0019da        0x554 build/default/production/_ext/1360937237/sirem.o
                  0x0019da                  _Sirem_Engine
 .text            0x001f2e        0x522 build/default/production/_ext/1360937237/eeprom.o
                  0x0020fe                  _ee_param_act
                  0x0023c4                  _EE_CheckEEprom
 .text            0x002450        0x290 build/default/production/_ext/1360937237/tempctrl.o
                  0x002450                  _temp_ctrl
                  0x002588                  _Reset_TMPCTRL
                  0x002598                  _PID
                  0x002634                  _Reset_PID
                  0x002644                  _Cartridge_overload_protection
                  0x00267e                  _temp_ctrl_init
                  0x00268a                  _Get_Temp_Actual
                  0x00269a                  _Set_User_Temp
                  0x0026a0                  _Roll_Back_User_Temp
                  0x0026a6                  _Get_User_Temp
                  0x0026aa                  _Inc_User_Temp
                  0x0026b8                  _Dec_User_Temp
                  0x0026c6                  _tmpctrl_timer_t1
 .text            0x0026e0        0x232 build/default/production/_ext/1360937237/IDENT.o
                  0x0026e0                  _cartridge_ident
                  0x002884                  _bresenham
                  0x0028de                  _ident_timer_t1
                  0x0028f8                  _ident_timeout_timer_t1
 .text            0x002912        0x1cc build/default/production/_ext/1360937237/DigitalIO.o
                  0x002912                  _IF_DigitalIO_Init
                  0x00296a                  _Dio_Scan_T2
                  0x0029e8                  _cart_stat_det
                  0x002ac4                  _cart_stat_timer_T1
 .text            0x002ade        0x1b2 build/default/production/_ext/1360937237/LCD.o
                  0x002ade                  _IF_LCDInit
                  0x002b10                  _IF_LCDPutc
                  0x002b42                  _IF_LCDGotoXY
                  0x002b5a                  _IF_LCDPuts
                  0x002b72                  _IF_LCDPutn
                  0x002bf6                  _IF_LCD_UpdateState
                  0x002c08                  _LCDSendNibble
                  0x002c62                  _LCDSendByte
 .text            0x002c90        0x178 build/default/production/_ext/1360937237/vuart.o
                  0x002c90                  _IF_Uart_Init
                  0x002d14                  _IF_Uart_MsgGetDataCnt
                  0x002d20                  _IF_Uart_MsgGet
                  0x002d46                  _IF_Uart_RxPurge
                  0x002d52                  _IF_Uart_MsgPut
                  0x002d7a                  _IF_UART_PutByte
                  0x002d94                  __U1RXInterrupt
                  0x002df2                  _sci_timer
 .text            0x002e08        0x142 build/default/production/_ext/1360937237/task.o
                  0x002e08                  __T3Interrupt
                  0x002e44                  __T1Interrupt
                  0x002e7a                  __INT0Interrupt
                  0x002e7e                  _TaskTimesCalc
                  0x002e92                  _StationStatistic
 .text            0x002f4a        0x11a build/default/production/_ext/1360937237/measure.o
                  0x002f4a                  _zero_cross_II
                  0x002fa4                  _DC_Autotunning
                  0x002fec                  _Current_measure
                  0x003024                  _measure_T2
                  0x003042                  _measure_init
 .text            0x003064        0x118 build/default/production/_ext/1360937237/systmr.o
                  0x003064                  _IF_SysTmr1_Init
                  0x00308a                  _IF_SysTmr3_Init
                  0x0030ae                  _IF_SysTmr2_Init
                  0x0030d2                  _delay_us
                  0x003108                  _delay_ms
                  0x00313e                  _Timestate_Cartridge_Control
 .text            0x00317c        0x116 build/default/production/_ext/1360937237/trace.o
                  0x00317c                  _IF_Get_TRSB_CntBytes
                  0x003180                  _do_trace
                  0x00324c                  _Clear_Trace_Array
                  0x00326c                  _trace_init_first
 .text            0x003292         0xcc build/default/production/_ext/1360937237/main.o
                  0x003292                  _main
 .text            0x00335e         0xb8 build/default/production/_ext/1360937237/PARLIST.o
                  0x00335e                  _IF_Parlist_GetCntMembers
                  0x003362                  _IF_Parlist_GetCntBytes
                  0x003366                  _IF_Parlist_bnu
                  0x003390                  _Params_check_limit
                  0x003414                  _Params_Conversion

.dinit            0x003416         0x84
 .dinit           0x003416         0x84 data_init

.text             0x00349a         0xe0
 .text            0x00349a         0x6c build/default/production/_ext/1360937237/vADC.o
                  0x00349a                  _IF_ADC_INIT
                  0x0034f0                  _ADC_Sample_Read
 .text            0x003506         0x58 build/default/production/_ext/1360937237/traps.o
                  0x003506                  __OscillatorFail
                  0x00351c                  __AddressError
                  0x003532                  __StackError
                  0x003548                  __MathError
 .text            0x00355e         0x1c build/default/production/_ext/1360937237/triac_control.o
                  0x00355e                  _triac_fire_timer
                  0x003574                  _triac_control_init

_02b52230605df218
                    0xfc00        0x400 load address 0x7ffc00  
 _02b52230605df218
                    0xfc00        0x400 build/default/production/_ext/1360937237/eeprom.o
